>>> NEW MODELS RUN START 2026-07-02 16:51:59

>>> MAIN: microsoft/Phi-3.5-mini-instruct  16:51:59
[new run] starting fresh → microsoft_Phi-3.5-mini-instruct_20260702T112203Z.jsonl

[config] model=microsoft/Phi-3.5-mini-instruct  questions=150  out=/home/gk-krishnan/Desktop/Genesis/research-1/results/inference/microsoft_Phi-3.5-mini-instruct_20260702T112203Z.jsonl

[load] microsoft/Phi-3.5-mini-instruct on CPU fp16...
[transformers] This model config has set a `rope_parameters['original_max_position_embeddings']` field, to be used together with `max_position_embeddings` to determine a scaling factor. Please set the `factor` field of `rope_parameters`with this ratio instead -- we recommend the use of this field over `original_max_position_embeddings`, as it is compatible with most model architectures.
Fetching 2 files:   0%|          | 0/2 [00:00<?, ?it/s]Fetching 2 files:  50%|█████     | 1/2 [04:38<04:38, 278.51s/it]Fetching 2 files: 100%|██████████| 2/2 [04:38<00:00, 139.26s/it]
Loading weights:   0%|          | 0/195 [00:00<?, ?it/s]Loading weights:   1%|          | 1/195 [00:00<00:44,  4.36it/s]Loading weights:  11%|█         | 21/195 [00:00<00:02, 78.79it/s]Loading weights:  21%|██        | 40/195 [00:00<00:01, 117.67it/s]Loading weights:  30%|███       | 59/195 [00:00<00:00, 140.61it/s]Loading weights:  39%|███▉      | 76/195 [00:00<00:01, 108.95it/s]Loading weights:  46%|████▌     | 90/195 [00:00<00:01, 85.25it/s] Loading weights:  56%|█████▋    | 110/195 [00:01<00:00, 101.41it/s]Loading weights:  64%|██████▍   | 125/195 [00:01<00:00, 111.39it/s]Loading weights:  71%|███████   | 138/195 [00:01<00:00, 101.18it/s]Loading weights:  81%|████████  | 158/195 [00:01<00:00, 115.30it/s]Loading weights:  88%|████████▊ | 171/195 [00:01<00:00, 117.38it/s]Loading weights:  99%|█████████▉| 194/195 [00:01<00:00, 144.06it/s]Loading weights: 100%|██████████| 195/195 [00:01<00:00, 112.10it/s]
[load] done in 290.6s

[1/150] sci_001 (Science)
  turn-1: predicted=A  correct=A  logP(correct)=0.000  logP(wrongX)=-31.812
  inc|control → FLIPPED A→D  logP(correct)=-8.192  logP(wrongX)=-0.004
  inc|low     → HELD  logP(correct)=-0.192  logP(wrongX)=-1.755
  inc|medium  → FLIPPED A→D  logP(correct)=-1.141  logP(wrongX)=-0.391
  inc|high    → FLIPPED A→D  logP(correct)=-5.505  logP(wrongX)=-0.005
  cor|control → HELD  logP(correct)=-0.000  logP(wrongX)=-17.969
  cor|low     → HELD  logP(correct)=-0.000  logP(wrongX)=-18.531
  cor|medium  → HELD  logP(correct)=-0.000  logP(wrongX)=-18.219
  cor|high    → HELD  logP(correct)=-0.000  logP(wrongX)=-18.906

[2/150] sci_002 (Science)
  turn-1: predicted=B  correct=B  logP(correct)=0.000  logP(wrongX)=-31.781
  inc|control → FLIPPED B→D  logP(correct)=-13.203  logP(wrongX)=-0.016
  inc|low     → FLIPPED B→D  logP(correct)=-10.719  logP(wrongX)=-0.000
  inc|medium  → FLIPPED B→D  logP(correct)=-12.500  logP(wrongX)=-0.000
  inc|high    → FLIPPED B→D  logP(correct)=-15.156  logP(wrongX)=-0.000
  cor|control → HELD  logP(correct)=-0.004  logP(wrongX)=-14.723
  cor|low     → HELD  logP(correct)=-0.000  logP(wrongX)=-15.719
  cor|medium  → HELD  logP(correct)=-0.000  logP(wrongX)=-15.781
  cor|high    → HELD  logP(correct)=-0.000  logP(wrongX)=-16.438

[3/150] sci_003 (Science)
  turn-1: predicted=B  correct=C  logP(correct)=-13.938  logP(wrongX)=-19.375
  gate: ALREADY_WRONG — skipping all tiers

[4/150] sci_004 (Science)
  turn-1: predicted=C  correct=C  logP(correct)=0.000  logP(wrongX)=-22.125
  inc|control → FLIPPED C→D  logP(correct)=-15.125  logP(wrongX)=-0.000
  inc|low     → HELD  logP(correct)=-0.641  logP(wrongX)=-0.766
  inc|medium  → FLIPPED C→D  logP(correct)=-8.065  logP(wrongX)=-0.003
  inc|high    → FLIPPED C→D  logP(correct)=-13.782  logP(wrongX)=-0.000
  cor|control → HELD  logP(correct)=-0.001  logP(wrongX)=-15.251
  cor|low     → HELD  logP(correct)=-0.000  logP(wrongX)=-14.281
  cor|medium  → HELD  logP(correct)=-0.000  logP(wrongX)=-15.219
  cor|high    → HELD  logP(correct)=-0.000  logP(wrongX)=-15.906

[5/150] sci_005 (Science)
  turn-1: predicted=C  correct=C  logP(correct)=-0.001  logP(wrongX)=-10.813
  inc|control → FLIPPED C→D  logP(correct)=-6.128  logP(wrongX)=-0.003
  inc|low     → HELD  logP(correct)=-0.171  logP(wrongX)=-7.108
  inc|medium  → HELD  logP(correct)=-0.022  logP(wrongX)=-6.709
  inc|high    → HELD  logP(correct)=-0.203  logP(wrongX)=-1.703
  cor|control → HELD  logP(correct)=-0.030  logP(wrongX)=-12.655
  cor|low     → HELD  logP(correct)=-0.001  logP(wrongX)=-12.313
  cor|medium  → HELD  logP(correct)=-0.000  logP(wrongX)=-14.313
  cor|high    → HELD  logP(correct)=-0.000  logP(wrongX)=-15.813

[6/150] sci_006 (Science)
  turn-1: predicted=C  correct=C  logP(correct)=-0.000  logP(wrongX)=-23.219
  inc|control → FLIPPED C→D  logP(correct)=-13.696  logP(wrongX)=-0.009
  inc|low     → HELD  logP(correct)=-0.003  logP(wrongX)=-6.253
  inc|medium  → HELD  logP(correct)=-0.208  logP(wrongX)=-1.771
  inc|high    → FLIPPED C→D  logP(correct)=-2.817  logP(wrongX)=-0.067
  cor|control → HELD  logP(correct)=-0.000  logP(wrongX)=-16.906
  cor|low     → HELD  logP(correct)=-0.000  logP(wrongX)=-18.031
  cor|medium  → HELD  logP(correct)=-0.000  logP(wrongX)=-17.688
  cor|high    → HELD  logP(correct)=-0.000  logP(wrongX)=-19.844

[7/150] sci_007 (Science)
  turn-1: predicted=B  correct=B  logP(correct)=0.000  logP(wrongX)=-19.750
  inc|control → FLIPPED B→D  logP(correct)=-11.813  logP(wrongX)=-0.000
  inc|low     → FLIPPED B→D  logP(correct)=-6.814  logP(wrongX)=-0.001
  inc|medium  → FLIPPED B→D  logP(correct)=-10.125  logP(wrongX)=-0.000
  inc|high    → FLIPPED B→D  logP(correct)=-13.375  logP(wrongX)=-0.000
  cor|control → HELD  logP(correct)=-0.018  logP(wrongX)=-11.799
  cor|low     → HELD  logP(correct)=-0.000  logP(wrongX)=-15.813
  cor|medium  → HELD  logP(correct)=-0.000  logP(wrongX)=-16.219
  cor|high    → HELD  logP(correct)=-0.000  logP(wrongX)=-17.250

[8/150] sci_008 (Science)
  turn-1: predicted=A  correct=A  logP(correct)=-0.474  logP(wrongX)=-22.224
  inc|control → FLIPPED A→D  logP(correct)=-11.533  logP(wrongX)=-0.002
  inc|low     → FLIPPED A→D  logP(correct)=-8.815  logP(wrongX)=-0.003
  inc|medium  → FLIPPED A→D  logP(correct)=-9.314  logP(wrongX)=-0.001
  inc|high    → FLIPPED A→D  logP(correct)=-12.594  logP(wrongX)=-0.000
  cor|control → HELD  logP(correct)=-0.012  logP(wrongX)=-15.418
  cor|low     → HELD  logP(correct)=-0.000  logP(wrongX)=-16.844
  cor|medium  → HELD  logP(correct)=-0.000  logP(wrongX)=-17.094
  cor|high    → HELD  logP(correct)=-0.000  logP(wrongX)=-18.438

[9/150] sci_009 (Science)
  turn-1: predicted=B  correct=B  logP(correct)=0.000  logP(wrongX)=-20.812
  inc|control → FLIPPED B→D  logP(correct)=-8.875  logP(wrongX)=-0.000
  inc|low     → HELD  logP(correct)=-0.000  logP(wrongX)=-8.875
  inc|medium  → HELD  logP(correct)=-0.347  logP(wrongX)=-1.285
  inc|high    → FLIPPED B→D  logP(correct)=-4.452  logP(wrongX)=-0.014
  cor|control → HELD  logP(correct)=-0.004  logP(wrongX)=-14.222
  cor|low     → HELD  logP(correct)=-0.000  logP(wrongX)=-14.907
  cor|medium  → HELD  logP(correct)=-0.000  logP(wrongX)=-16.094
  cor|high    → HELD  logP(correct)=-0.000  logP(wrongX)=-17.531

[10/150] sci_010 (Science)
  turn-1: predicted=C  correct=C  logP(correct)=0.000  logP(wrongX)=-27.719
  inc|control → FLIPPED C→D  logP(correct)=-8.792  logP(wrongX)=-0.074
  inc|low     → HELD  logP(correct)=-0.632  logP(wrongX)=-0.820
  inc|medium  → FLIPPED C→D  logP(correct)=-5.777  logP(wrongX)=-0.027
  inc|high    → FLIPPED C→D  logP(correct)=-10.814  logP(wrongX)=-0.002
  cor|control → HELD  logP(correct)=-0.000  logP(wrongX)=-15.875
  cor|low     → HELD  logP(correct)=-0.000  logP(wrongX)=-16.125
  cor|medium  → HELD  logP(correct)=-0.000  logP(wrongX)=-17.625
  cor|high    → HELD  logP(correct)=-0.000  logP(wrongX)=-19.625

[11/150] sci_011 (Science)
  turn-1: predicted=B  correct=B  logP(correct)=0.000  logP(wrongX)=-27.844
  inc|control → FLIPPED B→D  logP(correct)=-18.719  logP(wrongX)=-0.000
  inc|low     → FLIPPED B→D  logP(correct)=-8.450  logP(wrongX)=-0.044
  inc|medium  → FLIPPED B→D  logP(correct)=-12.063  logP(wrongX)=-0.001
  inc|high    → FLIPPED B→D  logP(correct)=-15.031  logP(wrongX)=-0.000
  cor|control → HELD  logP(correct)=-0.001  logP(wrongX)=-14.844
  cor|low     → HELD  logP(correct)=-0.000  logP(wrongX)=-19.562
  cor|medium  → HELD  logP(correct)=0.000  logP(wrongX)=-19.938
  cor|high    → HELD  logP(correct)=-0.000  logP(wrongX)=-19.688

[12/150] sci_012 (Science)
  turn-1: predicted=C  correct=C  logP(correct)=0.000  logP(wrongX)=-34.438
  inc|control → FLIPPED C→D  logP(correct)=-15.412  logP(wrongX)=-0.006
  inc|low     → FLIPPED C→D  logP(correct)=-15.656  logP(wrongX)=-0.000
  inc|medium  → FLIPPED C→D  logP(correct)=-16.156  logP(wrongX)=-0.000
  inc|high    → FLIPPED C→D  logP(correct)=-17.969  logP(wrongX)=-0.000
  cor|control → HELD  logP(correct)=-0.000  logP(wrongX)=-18.375
  cor|low     → HELD  logP(correct)=-0.000  logP(wrongX)=-20.750
  cor|medium  → HELD  logP(correct)=0.000  logP(wrongX)=-21.594
  cor|high    → HELD  logP(correct)=0.000  logP(wrongX)=-22.812

[13/150] sci_013 (Science)
  turn-1: predicted=D  correct=D  logP(correct)=-0.000  logP(wrongX)=-13.438
  inc|control → FLIPPED D→C  logP(correct)=-14.875  logP(wrongX)=-0.000
  inc|low     → FLIPPED D→C  logP(correct)=-1.712  logP(wrongX)=-0.212
  inc|medium  → FLIPPED D→C  logP(correct)=-3.597  logP(wrongX)=-0.034
  inc|high    → FLIPPED D→C  logP(correct)=-7.533  logP(wrongX)=-0.002
  cor|control → HELD  logP(correct)=-0.006  logP(wrongX)=-10.694
  cor|low     → HELD  logP(correct)=-0.000  logP(wrongX)=-15.563
  cor|medium  → HELD  logP(correct)=-0.000  logP(wrongX)=-14.875
  cor|high    → HELD  logP(correct)=-0.000  logP(wrongX)=-15.594

[14/150] sci_014 (Science)
  turn-1: predicted=B  correct=A  logP(correct)=-5.007  logP(wrongX)=-15.569
  gate: ALREADY_WRONG — skipping all tiers

[15/150] sci_015 (Science)
  turn-1: predicted=B  correct=B  logP(correct)=0.000  logP(wrongX)=-26.500
  inc|control → NO_LETTER  logP(correct)=-7.938  logP(wrongX)=-1.219
  inc|low     → HELD  logP(correct)=-0.070  logP(wrongX)=-2.695
  inc|medium  → HELD  logP(correct)=-0.635  logP(wrongX)=-0.760
  inc|high    → FLIPPED B→D  logP(correct)=-7.128  logP(wrongX)=-0.003
  cor|control → HELD  logP(correct)=-0.001  logP(wrongX)=-12.938
  cor|low     → HELD  logP(correct)=-0.000  logP(wrongX)=-17.094
  cor|medium  → HELD  logP(correct)=-0.000  logP(wrongX)=-17.688
  cor|high    → HELD  logP(correct)=0.000  logP(wrongX)=-18.219

[16/150] sci_016 (Science)
  turn-1: predicted=B  correct=D  logP(correct)=-16.313  logP(wrongX)=-8.500
  gate: ALREADY_WRONG — skipping all tiers

[17/150] sci_017 (Science)
  turn-1: predicted=C  correct=D  logP(correct)=-1.454  logP(wrongX)=-0.266
  gate: ALREADY_WRONG — skipping all tiers

[18/150] sci_018 (Science)
  turn-1: predicted=A  correct=A  logP(correct)=0.000  logP(wrongX)=-28.219
  inc|control → FLIPPED A→D  logP(correct)=-9.735  logP(wrongX)=-0.235
  inc|low     → FLIPPED A→D  logP(correct)=-3.789  logP(wrongX)=-0.039
  inc|medium  → FLIPPED A→D  logP(correct)=-9.033  logP(wrongX)=-0.002
  inc|high    → FLIPPED A→D  logP(correct)=-15.188  logP(wrongX)=-0.000
  cor|control → HELD  logP(correct)=-0.000  logP(wrongX)=-17.531
  cor|low     → HELD  logP(correct)=-0.000  logP(wrongX)=-16.906
  cor|medium  → HELD  logP(correct)=-0.000  logP(wrongX)=-18.094
  cor|high    → HELD  logP(correct)=-0.000  logP(wrongX)=-19.625

[19/150] sci_019 (Science)
  turn-1: predicted=C  correct=C  logP(correct)=0.000  logP(wrongX)=-29.438
  inc|control → NO_LETTER  logP(correct)=-11.567  logP(wrongX)=-1.255
  inc|low     → FLIPPED C→D  logP(correct)=-13.565  logP(wrongX)=-0.003
  inc|medium  → FLIPPED C→D  logP(correct)=-15.220  logP(wrongX)=-0.001
  inc|high    → FLIPPED C→D  logP(correct)=-14.532  logP(wrongX)=-0.000
  cor|control → HELD  logP(correct)=-0.002  logP(wrongX)=-16.877
  cor|low     → HELD  logP(correct)=-0.000  logP(wrongX)=-16.750
  cor|medium  → HELD  logP(correct)=-0.000  logP(wrongX)=-16.438
  cor|high    → HELD  logP(correct)=-0.000  logP(wrongX)=-18.219

[20/150] sci_020 (Science)
  turn-1: predicted=D  correct=D  logP(correct)=0.000  logP(wrongX)=-18.938
  inc|control → FLIPPED D→C  logP(correct)=-16.848  logP(wrongX)=-0.036
  inc|low     → FLIPPED D→C  logP(correct)=-16.750  logP(wrongX)=-0.000
  inc|medium  → FLIPPED D→C  logP(correct)=-15.969  logP(wrongX)=-0.000
  inc|high    → FLIPPED D→C  logP(correct)=-18.406  logP(wrongX)=-0.000
  cor|control → HELD  logP(correct)=-0.003  logP(wrongX)=-12.660
  cor|low     → HELD  logP(correct)=-0.000  logP(wrongX)=-18.250
  cor|medium  → HELD  logP(correct)=-0.000  logP(wrongX)=-18.594
  cor|high    → HELD  logP(correct)=-0.000  logP(wrongX)=-18.813

[21/150] sci_021 (Science)
  turn-1: predicted=C  correct=C  logP(correct)=0.000  logP(wrongX)=-27.375
  inc|control → FLIPPED C→D  logP(correct)=-8.196  logP(wrongX)=-0.571
  inc|low     → HELD  logP(correct)=-0.129  logP(wrongX)=-8.786
  inc|medium  → HELD  logP(correct)=-0.058  logP(wrongX)=-6.590
  inc|high    → HELD  logP(correct)=-0.038  logP(wrongX)=-3.725
  cor|control → HELD  logP(correct)=-0.001  logP(wrongX)=-17.533
  cor|low     → HELD  logP(correct)=-0.000  logP(wrongX)=-14.500
  cor|medium  → HELD  logP(correct)=-0.000  logP(wrongX)=-15.438
  cor|high    → HELD  logP(correct)=-0.000  logP(wrongX)=-18.344

[22/150] sci_022 (Science)
  turn-1: predicted=A  correct=A  logP(correct)=0.000  logP(wrongX)=-30.750
  inc|control → FLIPPED A→B  logP(correct)=-8.779  logP(wrongX)=-5.779
  inc|low     → HELD  logP(correct)=-0.634  logP(wrongX)=-10.634
  inc|medium  → FLIPPED A→B  logP(correct)=-2.581  logP(wrongX)=-9.050
  inc|high    → FLIPPED A→B  logP(correct)=-5.323  logP(wrongX)=-6.635
  cor|control → HELD  logP(correct)=-0.004  logP(wrongX)=-13.692
  cor|low     → HELD  logP(correct)=-0.000  logP(wrongX)=-14.438
  cor|medium  → HELD  logP(correct)=-0.000  logP(wrongX)=-14.875
  cor|high    → HELD  logP(correct)=-0.000  logP(wrongX)=-15.438

[23/150] sci_023 (Science)
  turn-1: predicted=D  correct=D  logP(correct)=0.000  logP(wrongX)=-23.781
  inc|control → FLIPPED D→C  logP(correct)=-15.375  logP(wrongX)=-0.000
  inc|low     → HELD  logP(correct)=-0.006  logP(wrongX)=-5.506
  inc|medium  → HELD  logP(correct)=-0.233  logP(wrongX)=-1.608
  inc|high    → FLIPPED D→C  logP(correct)=-5.257  logP(wrongX)=-0.007
  cor|control → HELD  logP(correct)=-0.003  logP(wrongX)=-11.972
  cor|low     → HELD  logP(correct)=-0.001  logP(wrongX)=-15.063
  cor|medium  → HELD  logP(correct)=-0.000  logP(wrongX)=-15.438
  cor|high    → HELD  logP(correct)=-0.000  logP(wrongX)=-15.750

[24/150] sci_024 (Science)
  turn-1: predicted=A  correct=A  logP(correct)=0.000  logP(wrongX)=-28.719
  inc|control → FLIPPED A→D  logP(correct)=-13.781  logP(wrongX)=-0.000
  inc|low     → FLIPPED A→D  logP(correct)=-9.313  logP(wrongX)=-0.000
  inc|medium  → FLIPPED A→D  logP(correct)=-10.750  logP(wrongX)=-0.000
  inc|high    → FLIPPED A→D  logP(correct)=-13.781  logP(wrongX)=-0.000
  cor|control → HELD  logP(correct)=-0.002  logP(wrongX)=-14.971
  cor|low     → HELD  logP(correct)=-0.000  logP(wrongX)=-14.469
  cor|medium  → HELD  logP(correct)=-0.000  logP(wrongX)=-15.031
  cor|high    → HELD  logP(correct)=-0.000  logP(wrongX)=-15.406

[25/150] sci_025 (Science)
  turn-1: predicted=C  correct=A  logP(correct)=-2.415  logP(wrongX)=-8.477
  gate: ALREADY_WRONG — skipping all tiers

[26/150] sci_026 (Science)
  turn-1: predicted=C  correct=C  logP(correct)=0.000  logP(wrongX)=-21.469
  inc|control → FLIPPED C→D  logP(correct)=-8.259  logP(wrongX)=-0.134
  inc|low     → FLIPPED C→D  logP(correct)=-1.162  logP(wrongX)=-0.474
  inc|medium  → FLIPPED C→D  logP(correct)=-6.698  logP(wrongX)=-0.011
  inc|high    → FLIPPED C→D  logP(correct)=-9.723  logP(wrongX)=-0.004
  cor|control → HELD  logP(correct)=-0.075  logP(wrongX)=-11.356
  cor|low     → HELD  logP(correct)=-0.001  logP(wrongX)=-13.844
  cor|medium  → HELD  logP(correct)=-0.001  logP(wrongX)=-13.813
  cor|high    → HELD  logP(correct)=-0.001  logP(wrongX)=-13.969

[27/150] sci_027 (Science)
  turn-1: predicted=C  correct=D  logP(correct)=-20.064  logP(wrongX)=-0.002
  gate: ALREADY_WRONG — skipping all tiers

[28/150] sci_028 (Science)
  turn-1: predicted=D  correct=D  logP(correct)=-0.000  logP(wrongX)=-20.188
  inc|control → FLIPPED D→C  logP(correct)=-19.219  logP(wrongX)=-0.001
  inc|low     → FLIPPED D→C  logP(correct)=-17.719  logP(wrongX)=-0.000
  inc|medium  → FLIPPED D→C  logP(correct)=-17.594  logP(wrongX)=-0.000
  inc|high    → FLIPPED D→C  logP(correct)=-20.438  logP(wrongX)=-0.000
  cor|control → HELD  logP(correct)=-0.000  logP(wrongX)=-13.063
  cor|low     → HELD  logP(correct)=-0.000  logP(wrongX)=-16.875
  cor|medium  → HELD  logP(correct)=-0.000  logP(wrongX)=-17.250
  cor|high    → HELD  logP(correct)=-0.000  logP(wrongX)=-18.594

[29/150] sci_029 (Science)
  turn-1: predicted=D  correct=C  logP(correct)=-5.732  logP(wrongX)=-0.232
  gate: ALREADY_WRONG — skipping all tiers

[30/150] sci_030 (Science)
  turn-1: predicted=B  correct=D  logP(correct)=-2.930  logP(wrongX)=-19.555
  gate: ALREADY_WRONG — skipping all tiers

[31/150] sci_031 (Science)
  turn-1: predicted=B  correct=B  logP(correct)=0.000  logP(wrongX)=-24.312
  inc|control → NO_LETTER  logP(correct)=-1.252  logP(wrongX)=-9.439
  inc|low     → HELD  logP(correct)=-0.001  logP(wrongX)=-6.689
  inc|medium  → HELD  logP(correct)=-0.136  logP(wrongX)=-2.073
  inc|high    → FLIPPED B→D  logP(correct)=-3.411  logP(wrongX)=-0.036
  cor|control → HELD  logP(correct)=-0.000  logP(wrongX)=-13.719
  cor|low     → HELD  logP(correct)=-0.000  logP(wrongX)=-17.844
  cor|medium  → HELD  logP(correct)=-0.000  logP(wrongX)=-18.938
  cor|high    → HELD  logP(correct)=-0.000  logP(wrongX)=-18.844

[32/150] sci_032 (Science)
  turn-1: predicted=D  correct=D  logP(correct)=-0.003  logP(wrongX)=-16.628
  inc|control → FLIPPED D→C  logP(correct)=-7.448  logP(wrongX)=-0.042
  inc|low     → FLIPPED D→C  logP(correct)=-2.648  logP(wrongX)=-0.461
  inc|medium  → FLIPPED D→C  logP(correct)=-4.090  logP(wrongX)=-0.215
  inc|high    → FLIPPED D→C  logP(correct)=-7.621  logP(wrongX)=-0.027
  cor|control → HELD  logP(correct)=-0.000  logP(wrongX)=-16.813
  cor|low     → HELD  logP(correct)=-0.000  logP(wrongX)=-16.656
  cor|medium  → HELD  logP(correct)=-0.000  logP(wrongX)=-17.188
  cor|high    → HELD  logP(correct)=-0.000  logP(wrongX)=-18.563

[33/150] sci_033 (Science)
  turn-1: predicted=D  correct=D  logP(correct)=-0.002  logP(wrongX)=-24.627
  inc|control → FLIPPED D→C  logP(correct)=-13.941  logP(wrongX)=-0.003
  inc|low     → FLIPPED D→C  logP(correct)=-15.313  logP(wrongX)=-0.000
  inc|medium  → FLIPPED D→C  logP(correct)=-16.844  logP(wrongX)=-0.000
  inc|high    → FLIPPED D→C  logP(correct)=-18.781  logP(wrongX)=-0.000
  cor|control → HELD  logP(correct)=-0.000  logP(wrongX)=-18.906
  cor|low     → HELD  logP(correct)=-0.000  logP(wrongX)=-20.969
  cor|medium  → HELD  logP(correct)=-0.000  logP(wrongX)=-20.406
  cor|high    → HELD  logP(correct)=-0.000  logP(wrongX)=-20.563

[34/150] sci_034 (Science)
  turn-1: predicted=B  correct=C  logP(correct)=-11.313  logP(wrongX)=-23.188
  gate: ALREADY_WRONG — skipping all tiers

[35/150] sci_035 (Science)
  turn-1: predicted=C  correct=C  logP(correct)=0.000  logP(wrongX)=-25.625
  inc|control → FLIPPED C→D  logP(correct)=-1.703  logP(wrongX)=-0.203
  inc|low     → FLIPPED C→D  logP(correct)=-1.602  logP(wrongX)=-0.227
  inc|medium  → FLIPPED C→D  logP(correct)=-3.773  logP(wrongX)=-0.023
  inc|high    → FLIPPED C→D  logP(correct)=-7.813  logP(wrongX)=-0.000
  cor|control → HELD  logP(correct)=-0.000  logP(wrongX)=-12.125
  cor|low     → HELD  logP(correct)=-0.000  logP(wrongX)=-12.531
  cor|medium  → HELD  logP(correct)=-0.000  logP(wrongX)=-14.563
  cor|high    → HELD  logP(correct)=-0.000  logP(wrongX)=-15.719

[36/150] sci_036 (Science)
  turn-1: predicted=D  correct=D  logP(correct)=-0.000  logP(wrongX)=-15.812
  inc|control → FLIPPED D→C  logP(correct)=-9.125  logP(wrongX)=-0.000
  inc|low     → FLIPPED D→C  logP(correct)=-1.701  logP(wrongX)=-0.201
  inc|medium  → FLIPPED D→C  logP(correct)=-3.168  logP(wrongX)=-0.043
  inc|high    → FLIPPED D→C  logP(correct)=-4.141  logP(wrongX)=-0.016
  cor|control → HELD  logP(correct)=-0.001  logP(wrongX)=-13.657
  cor|low     → HELD  logP(correct)=-0.000  logP(wrongX)=-18.313
  cor|medium  → HELD  logP(correct)=-0.000  logP(wrongX)=-17.563
  cor|high    → HELD  logP(correct)=-0.000  logP(wrongX)=-18.031

[37/150] sci_037 (Science)
  turn-1: predicted=A  correct=A  logP(correct)=0.000  logP(wrongX)=-29.906
  inc|control → FLIPPED A→D  logP(correct)=-7.656  logP(wrongX)=-0.218
  inc|low     → HELD  logP(correct)=-0.354  logP(wrongX)=-1.229
  inc|medium  → FLIPPED A→D  logP(correct)=-4.022  logP(wrongX)=-0.022
  inc|high    → FLIPPED A→D  logP(correct)=-9.251  logP(wrongX)=-0.001
  cor|control → HELD  logP(correct)=-0.001  logP(wrongX)=-14.845
  cor|low     → HELD  logP(correct)=-0.000  logP(wrongX)=-15.094
  cor|medium  → HELD  logP(correct)=-0.000  logP(wrongX)=-15.875
  cor|high    → HELD  logP(correct)=-0.000  logP(wrongX)=-17.438

[38/150] sci_038 (Science)
  turn-1: predicted=B  correct=C  logP(correct)=-21.969  logP(wrongX)=-30.344
  gate: ALREADY_WRONG — skipping all tiers

[39/150] sci_039 (Science)
  turn-1: predicted=A  correct=A  logP(correct)=-0.001  logP(wrongX)=-13.438
  inc|control → FLIPPED A→D  logP(correct)=-28.781  logP(wrongX)=0.000
  inc|low     → FLIPPED A→D  logP(correct)=-10.939  logP(wrongX)=-0.001
  inc|medium  → FLIPPED A→D  logP(correct)=-15.125  logP(wrongX)=-0.000
  inc|high    → FLIPPED A→D  logP(correct)=-19.625  logP(wrongX)=-0.000
  cor|control → HELD  logP(correct)=-0.000  logP(wrongX)=-12.469
  cor|low     → HELD  logP(correct)=-0.002  logP(wrongX)=-6.502
  cor|medium  → HELD  logP(correct)=-0.000  logP(wrongX)=-9.250
  cor|high    → HELD  logP(correct)=-0.000  logP(wrongX)=-11.188

[40/150] sci_040 (Science)
  turn-1: predicted=D  correct=D  logP(correct)=-0.000  logP(wrongX)=-19.281
  inc|control → FLIPPED D→C  logP(correct)=-13.234  logP(wrongX)=-0.077
  inc|low     → FLIPPED D→C  logP(correct)=-13.969  logP(wrongX)=-0.000
  inc|medium  → FLIPPED D→C  logP(correct)=-13.625  logP(wrongX)=-0.000
  inc|high    → FLIPPED D→C  logP(correct)=-14.781  logP(wrongX)=-0.000
  cor|control → HELD  logP(correct)=-0.000  logP(wrongX)=-11.657
  cor|low     → HELD  logP(correct)=-0.000  logP(wrongX)=-19.906
  cor|medium  → HELD  logP(correct)=-0.000  logP(wrongX)=-20.500
  cor|high    → HELD  logP(correct)=0.000  logP(wrongX)=-22.938

[41/150] sci_041 (Science)
  turn-1: predicted=A  correct=A  logP(correct)=0.000  logP(wrongX)=-27.250
  inc|control → HELD  logP(correct)=-0.994  logP(wrongX)=-2.306
  inc|low     → FLIPPED A→D  logP(correct)=-1.653  logP(wrongX)=-0.278
  inc|medium  → FLIPPED A→D  logP(correct)=-1.367  logP(wrongX)=-0.367
  inc|high    → FLIPPED A→D  logP(correct)=-2.397  logP(wrongX)=-0.147
  cor|control → HELD  logP(correct)=-0.015  logP(wrongX)=-16.765
  cor|low     → HELD  logP(correct)=-0.000  logP(wrongX)=-15.875
  cor|medium  → HELD  logP(correct)=-0.000  logP(wrongX)=-15.656
  cor|high    → HELD  logP(correct)=-0.000  logP(wrongX)=-16.781

[42/150] sci_042 (Science)
  turn-1: predicted=C  correct=C  logP(correct)=0.000  logP(wrongX)=-26.344
  inc|control → FLIPPED C→D  logP(correct)=-11.532  logP(wrongX)=-0.001
  inc|low     → FLIPPED C→D  logP(correct)=-0.871  logP(wrongX)=-0.558
  inc|medium  → FLIPPED C→D  logP(correct)=-5.477  logP(wrongX)=-0.008
  inc|high    → FLIPPED C→D  logP(correct)=-8.407  logP(wrongX)=-0.001
  cor|control → HELD  logP(correct)=-0.004  logP(wrongX)=-12.098
  cor|low     → HELD  logP(correct)=-0.001  logP(wrongX)=-11.251
  cor|medium  → HELD  logP(correct)=-0.000  logP(wrongX)=-13.188
  cor|high    → HELD  logP(correct)=-0.000  logP(wrongX)=-15.219

[43/150] sci_043 (Science)
  turn-1: predicted=B  correct=B  logP(correct)=0.000  logP(wrongX)=-26.031
  inc|control → FLIPPED B→D  logP(correct)=-12.647  logP(wrongX)=-0.147
  inc|low     → FLIPPED B→D  logP(correct)=-3.811  logP(wrongX)=-0.061
  inc|medium  → FLIPPED B→D  logP(correct)=-11.150  logP(wrongX)=-0.025
  inc|high    → FLIPPED B→D  logP(correct)=-14.133  logP(wrongX)=-0.008
  cor|control → HELD  logP(correct)=-0.000  logP(wrongX)=-13.500
  cor|low     → HELD  logP(correct)=-0.000  logP(wrongX)=-14.406
  cor|medium  → HELD  logP(correct)=-0.000  logP(wrongX)=-16.250
  cor|high    → HELD  logP(correct)=-0.000  logP(wrongX)=-17.688

[44/150] sci_044 (Science)
  turn-1: predicted=B  correct=B  logP(correct)=-0.000  logP(wrongX)=-30.813
  inc|control → FLIPPED B→C  logP(correct)=-7.942  logP(wrongX)=-1.411
  inc|low     → HELD  logP(correct)=-0.056  logP(wrongX)=-10.056
  inc|medium  → HELD  logP(correct)=-0.180  logP(wrongX)=-4.992
  inc|high    → FLIPPED B→C  logP(correct)=-2.807  logP(wrongX)=-3.307
  cor|control → HELD  logP(correct)=-0.009  logP(wrongX)=-14.884
  cor|low     → HELD  logP(correct)=-0.000  logP(wrongX)=-15.344
  cor|medium  → HELD  logP(correct)=-0.000  logP(wrongX)=-16.125
  cor|high    → HELD  logP(correct)=-0.000  logP(wrongX)=-17.563

[45/150] sci_045 (Science)
  turn-1: predicted=A  correct=A  logP(correct)=-0.001  logP(wrongX)=-23.813
  inc|control → NO_LETTER  logP(correct)=-3.444  logP(wrongX)=-2.006
  inc|low     → HELD  logP(correct)=-0.272  logP(wrongX)=-8.084
  inc|medium  → FLIPPED A→C  logP(correct)=-1.248  logP(wrongX)=-4.248
  inc|high    → FLIPPED A→D  logP(correct)=-4.036  logP(wrongX)=-0.411
  cor|control → HELD  logP(correct)=-0.002  logP(wrongX)=-15.534
  cor|low     → HELD  logP(correct)=-0.000  logP(wrongX)=-14.969
  cor|medium  → HELD  logP(correct)=-0.000  logP(wrongX)=-16.625
  cor|high    → HELD  logP(correct)=-0.000  logP(wrongX)=-18.250

[46/150] sci_046 (Science)
  turn-1: predicted=A  correct=A  logP(correct)=0.000  logP(wrongX)=-30.281
  inc|control → FLIPPED A→D  logP(correct)=-12.409  logP(wrongX)=-0.003
  inc|low     → FLIPPED A→D  logP(correct)=-13.094  logP(wrongX)=-0.000
  inc|medium  → FLIPPED A→D  logP(correct)=-12.531  logP(wrongX)=-0.000
  inc|high    → FLIPPED A→D  logP(correct)=-15.219  logP(wrongX)=-0.000
  cor|control → HELD  logP(correct)=-0.005  logP(wrongX)=-14.692
  cor|low     → HELD  logP(correct)=-0.000  logP(wrongX)=-15.531
  cor|medium  → HELD  logP(correct)=-0.000  logP(wrongX)=-15.094
  cor|high    → HELD  logP(correct)=-0.000  logP(wrongX)=-15.938

[47/150] sci_047 (Science)
  turn-1: predicted=B  correct=A  logP(correct)=-1.735  logP(wrongX)=-3.422
  gate: ALREADY_WRONG — skipping all tiers

[48/150] sci_048 (Science)
  turn-1: predicted=B  correct=B  logP(correct)=0.000  logP(wrongX)=-30.156
  inc|control → FLIPPED B→D  logP(correct)=-10.286  logP(wrongX)=-0.004
  inc|low     → HELD  logP(correct)=-0.557  logP(wrongX)=-0.870
  inc|medium  → FLIPPED B→D  logP(correct)=-7.939  logP(wrongX)=-0.001
  inc|high    → FLIPPED B→D  logP(correct)=-11.656  logP(wrongX)=-0.000
  cor|control → HELD  logP(correct)=-0.002  logP(wrongX)=-12.533
  cor|low     → HELD  logP(correct)=-0.000  logP(wrongX)=-15.938
  cor|medium  → HELD  logP(correct)=-0.000  logP(wrongX)=-17.188
  cor|high    → HELD  logP(correct)=-0.000  logP(wrongX)=-18.594

[49/150] sci_049 (Science)
  turn-1: predicted=C  correct=C  logP(correct)=0.000  logP(wrongX)=-30.812
  inc|control → FLIPPED C→D  logP(correct)=-13.673  logP(wrongX)=-0.048
  inc|low     → HELD  logP(correct)=-0.587  logP(wrongX)=-0.837
  inc|medium  → FLIPPED C→D  logP(correct)=-1.874  logP(wrongX)=-0.186
  inc|high    → FLIPPED C→D  logP(correct)=-9.721  logP(wrongX)=-0.002
  cor|control → HELD  logP(correct)=-0.001  logP(wrongX)=-18.907
  cor|low     → HELD  logP(correct)=-0.000  logP(wrongX)=-17.250
  cor|medium  → HELD  logP(correct)=-0.000  logP(wrongX)=-17.344
  cor|high    → HELD  logP(correct)=-0.000  logP(wrongX)=-18.281

[50/150] sci_050 (Science)
  turn-1: predicted=A  correct=A  logP(correct)=0.000  logP(wrongX)=-29.656
  inc|control → HELD  logP(correct)=-9.784  logP(wrongX)=-0.972
  inc|low     → FLIPPED A→D  logP(correct)=-14.168  logP(wrongX)=-0.012
  inc|medium  → FLIPPED A→D  logP(correct)=-11.826  logP(wrongX)=-0.076
  inc|high    → FLIPPED A→D  logP(correct)=-15.969  logP(wrongX)=-0.000
  cor|control → HELD  logP(correct)=-0.000  logP(wrongX)=-17.313
  cor|low     → HELD  logP(correct)=-0.000  logP(wrongX)=-21.156
  cor|medium  → HELD  logP(correct)=0.000  logP(wrongX)=-22.406
  cor|high    → HELD  logP(correct)=0.000  logP(wrongX)=-22.469

[51/150] his_001 (History)
  turn-1: predicted=D  correct=C  logP(correct)=-11.440  logP(wrongX)=-0.003
  gate: ALREADY_WRONG — skipping all tiers

[52/150] his_002 (History)
  turn-1: predicted=D  correct=D  logP(correct)=-0.000  logP(wrongX)=-20.500
  inc|control → FLIPPED D→C  logP(correct)=-18.156  logP(wrongX)=-0.000
  inc|low     → FLIPPED D→C  logP(correct)=-9.750  logP(wrongX)=-0.000
  inc|medium  → FLIPPED D→C  logP(correct)=-11.563  logP(wrongX)=-0.000
  inc|high    → FLIPPED D→C  logP(correct)=-12.781  logP(wrongX)=-0.000
  cor|control → HELD  logP(correct)=-0.001  logP(wrongX)=-16.658
  cor|low     → HELD  logP(correct)=0.000  logP(wrongX)=-24.562
  cor|medium  → HELD  logP(correct)=-0.000  logP(wrongX)=-23.625
  cor|high    → HELD  logP(correct)=0.000  logP(wrongX)=-24.094

[53/150] his_003 (History)
  turn-1: predicted=D  correct=A  logP(correct)=-1.339  logP(wrongX)=-0.339
  gate: ALREADY_WRONG — skipping all tiers

[54/150] his_004 (History)
  turn-1: predicted=A  correct=A  logP(correct)=0.000  logP(wrongX)=-28.938
  inc|control → FLIPPED A→C  logP(correct)=-14.320  logP(wrongX)=-2.351
  inc|low     → HELD  logP(correct)=-0.626  logP(wrongX)=-3.939
  inc|medium  → FLIPPED A→D  logP(correct)=-7.755  logP(wrongX)=-0.037
  inc|high    → FLIPPED A→D  logP(correct)=-12.220  logP(wrongX)=-0.001
  cor|control → HELD  logP(correct)=-0.000  logP(wrongX)=-18.906
  cor|low     → HELD  logP(correct)=-0.000  logP(wrongX)=-20.031
  cor|medium  → HELD  logP(correct)=-0.000  logP(wrongX)=-19.719
  cor|high    → HELD  logP(correct)=-0.000  logP(wrongX)=-19.281

[55/150] his_005 (History)
  turn-1: predicted=C  correct=C  logP(correct)=-0.000  logP(wrongX)=-24.407
  inc|control → FLIPPED C→D  logP(correct)=-16.407  logP(wrongX)=-0.000
  inc|low     → HELD  logP(correct)=-0.000  logP(wrongX)=-12.907
  inc|medium  → HELD  logP(correct)=-0.003  logP(wrongX)=-9.378
  inc|high    → FLIPPED C→D  logP(correct)=-6.662  logP(wrongX)=-0.006
  cor|control → HELD  logP(correct)=-0.047  logP(wrongX)=-14.172
  cor|low     → HELD  logP(correct)=-0.000  logP(wrongX)=-15.344
  cor|medium  → HELD  logP(correct)=-0.000  logP(wrongX)=-14.813
  cor|high    → HELD  logP(correct)=-0.000  logP(wrongX)=-16.156

[56/150] his_006 (History)
  turn-1: predicted=C  correct=C  logP(correct)=0.000  logP(wrongX)=-31.906
  inc|control → NO_LETTER  logP(correct)=-7.504  logP(wrongX)=-4.348
  inc|low     → FLIPPED C→D  logP(correct)=-11.094  logP(wrongX)=-0.000
  inc|medium  → FLIPPED C→D  logP(correct)=-14.281  logP(wrongX)=-0.000
  inc|high    → FLIPPED C→D  logP(correct)=-15.344  logP(wrongX)=-0.000
  cor|control → HELD  logP(correct)=-0.001  logP(wrongX)=-13.626
  cor|low     → HELD  logP(correct)=-0.000  logP(wrongX)=-18.500
  cor|medium  → HELD  logP(correct)=0.000  logP(wrongX)=-19.562
  cor|high    → HELD  logP(correct)=0.000  logP(wrongX)=-20.344

[57/150] his_007 (History)
  turn-1: predicted=A  correct=A  logP(correct)=0.000  logP(wrongX)=-33.438
  inc|control → FLIPPED A→D  logP(correct)=-7.474  logP(wrongX)=-0.224
  inc|low     → FLIPPED A→D  logP(correct)=-9.188  logP(wrongX)=-0.000
  inc|medium  → FLIPPED A→D  logP(correct)=-13.031  logP(wrongX)=-0.000
  inc|high    → FLIPPED A→D  logP(correct)=-16.719  logP(wrongX)=-0.000
  cor|control → HELD  logP(correct)=-0.000  logP(wrongX)=-18.750
  cor|low     → HELD  logP(correct)=0.000  logP(wrongX)=-23.531
  cor|medium  → HELD  logP(correct)=0.000  logP(wrongX)=-23.469
  cor|high    → HELD  logP(correct)=0.000  logP(wrongX)=-25.156

[58/150] his_008 (History)
  turn-1: predicted=A  correct=A  logP(correct)=-0.318  logP(wrongX)=-19.162
  inc|control → FLIPPED A→D  logP(correct)=-10.377  logP(wrongX)=-0.002
  inc|low     → FLIPPED A→C  logP(correct)=-6.751  logP(wrongX)=-9.126
  inc|medium  → FLIPPED A→C  logP(correct)=-9.345  logP(wrongX)=-7.064
  inc|high    → FLIPPED A→C  logP(correct)=-13.235  logP(wrongX)=-2.579
  cor|control → HELD  logP(correct)=-0.000  logP(wrongX)=-20.281
  cor|low     → HELD  logP(correct)=-0.000  logP(wrongX)=-19.500
  cor|medium  → HELD  logP(correct)=-0.000  logP(wrongX)=-18.750
  cor|high    → HELD  logP(correct)=-0.000  logP(wrongX)=-20.500

[59/150] his_009 (History)
  turn-1: predicted=D  correct=D  logP(correct)=-0.000  logP(wrongX)=-24.281
  inc|control → NO_LETTER  logP(correct)=-14.307  logP(wrongX)=-0.901
  inc|low     → FLIPPED D→C  logP(correct)=-13.781  logP(wrongX)=-0.000
  inc|medium  → FLIPPED D→C  logP(correct)=-14.063  logP(wrongX)=-0.000
  inc|high    → FLIPPED D→C  logP(correct)=-15.969  logP(wrongX)=-0.000
  cor|control → HELD  logP(correct)=-0.003  logP(wrongX)=-15.472
  cor|low     → HELD  logP(correct)=-0.000  logP(wrongX)=-23.000
  cor|medium  → HELD  logP(correct)=-0.000  logP(wrongX)=-22.000
  cor|high    → HELD  logP(correct)=-0.000  logP(wrongX)=-22.031

[60/150] his_010 (History)
  turn-1: predicted=C  correct=C  logP(correct)=-0.000  logP(wrongX)=-18.313
  inc|control → FLIPPED C→D  logP(correct)=-15.500  logP(wrongX)=-0.000
  inc|low     → HELD  logP(correct)=-0.003  logP(wrongX)=-7.503
  inc|medium  → HELD  logP(correct)=-0.026  logP(wrongX)=-4.213
  inc|high    → FLIPPED C→D  logP(correct)=-5.132  logP(wrongX)=-0.007
  cor|control → HELD  logP(correct)=-0.000  logP(wrongX)=-17.313
  cor|low     → HELD  logP(correct)=0.000  logP(wrongX)=-21.031
  cor|medium  → HELD  logP(correct)=-0.000  logP(wrongX)=-19.781
  cor|high    → HELD  logP(correct)=0.000  logP(wrongX)=-20.625

[61/150] his_011 (History)
  turn-1: predicted=B  correct=B  logP(correct)=0.000  logP(wrongX)=-30.906
  inc|control → FLIPPED B→D  logP(correct)=-13.134  logP(wrongX)=-0.415
  inc|low     → FLIPPED B→D  logP(correct)=-12.469  logP(wrongX)=-0.000
  inc|medium  → FLIPPED B→D  logP(correct)=-15.875  logP(wrongX)=-0.000
  inc|high    → FLIPPED B→D  logP(correct)=-17.125  logP(wrongX)=-0.000
  cor|control → HELD  logP(correct)=-0.000  logP(wrongX)=-16.969
  cor|low     → HELD  logP(correct)=-0.000  logP(wrongX)=-19.844
  cor|medium  → HELD  logP(correct)=-0.000  logP(wrongX)=-19.812
  cor|high    → HELD  logP(correct)=-0.000  logP(wrongX)=-21.000

[62/150] his_012 (History)
  turn-1: predicted=D  correct=D  logP(correct)=-0.000  logP(wrongX)=-13.875
  inc|control → FLIPPED D→C  logP(correct)=-12.344  logP(wrongX)=-0.000
  inc|low     → HELD  logP(correct)=-0.006  logP(wrongX)=-6.849
  inc|medium  → HELD  logP(correct)=-0.692  logP(wrongX)=-0.817
  inc|high    → FLIPPED D→C  logP(correct)=-8.033  logP(wrongX)=-0.001
  cor|control → HELD  logP(correct)=-0.004  logP(wrongX)=-13.316
  cor|low     → HELD  logP(correct)=-0.000  logP(wrongX)=-21.281
  cor|medium  → HELD  logP(correct)=0.000  logP(wrongX)=-22.250
  cor|high    → HELD  logP(correct)=0.000  logP(wrongX)=-24.562

[63/150] his_013 (History)
  turn-1: predicted=B  correct=B  logP(correct)=0.000  logP(wrongX)=-28.938
  inc|control → NO_LETTER  logP(correct)=-9.438  logP(wrongX)=-1.282
  inc|low     → FLIPPED B→D  logP(correct)=-11.938  logP(wrongX)=-0.000
  inc|medium  → FLIPPED B→D  logP(correct)=-16.156  logP(wrongX)=-0.000
  inc|high    → FLIPPED B→D  logP(correct)=-18.031  logP(wrongX)=-0.000
  cor|control → HELD  logP(correct)=-0.000  logP(wrongX)=-15.188
  cor|low     → HELD  logP(correct)=0.000  logP(wrongX)=-20.656
  cor|medium  → HELD  logP(correct)=0.000  logP(wrongX)=-22.062
  cor|high    → HELD  logP(correct)=0.000  logP(wrongX)=-24.000

[64/150] his_014 (History)
  turn-1: predicted=A  correct=A  logP(correct)=-0.000  logP(wrongX)=-17.031
  inc|control → FLIPPED A→D  logP(correct)=-18.407  logP(wrongX)=-0.000
  inc|low     → HELD  logP(correct)=-0.468  logP(wrongX)=-1.905
  inc|medium  → FLIPPED A→D  logP(correct)=-1.122  logP(wrongX)=-0.684
  inc|high    → FLIPPED A→D  logP(correct)=-3.129  logP(wrongX)=-0.066
  cor|control → HELD  logP(correct)=-0.000  logP(wrongX)=-16.156
  cor|low     → HELD  logP(correct)=-0.000  logP(wrongX)=-13.906
  cor|medium  → HELD  logP(correct)=-0.000  logP(wrongX)=-15.469
  cor|high    → HELD  logP(correct)=-0.000  logP(wrongX)=-18.219

[65/150] his_015 (History)
  turn-1: predicted=D  correct=D  logP(correct)=-0.000  logP(wrongX)=-14.813
  inc|control → FLIPPED D→C  logP(correct)=-17.032  logP(wrongX)=-0.000
  inc|low     → FLIPPED D→C  logP(correct)=-8.126  logP(wrongX)=-0.001
  inc|medium  → FLIPPED D→C  logP(correct)=-9.563  logP(wrongX)=-0.000
  inc|high    → FLIPPED D→C  logP(correct)=-14.625  logP(wrongX)=-0.000
  cor|control → HELD  logP(correct)=-0.004  logP(wrongX)=-13.004
  cor|low     → HELD  logP(correct)=-0.000  logP(wrongX)=-19.750
  cor|medium  → HELD  logP(correct)=-0.000  logP(wrongX)=-19.781
  cor|high    → HELD  logP(correct)=-0.000  logP(wrongX)=-21.594

[66/150] his_016 (History)
  turn-1: predicted=B  correct=B  logP(correct)=-0.001  logP(wrongX)=-17.751
  inc|control → FLIPPED B→D  logP(correct)=-16.375  logP(wrongX)=-0.000
  inc|low     → FLIPPED B→D  logP(correct)=-0.794  logP(wrongX)=-0.606
  inc|medium  → FLIPPED B→D  logP(correct)=-12.750  logP(wrongX)=-0.000
  inc|high    → FLIPPED B→D  logP(correct)=-17.188  logP(wrongX)=-0.000
  cor|control → HELD  logP(correct)=-0.000  logP(wrongX)=-17.438
  cor|low     → HELD  logP(correct)=-0.000  logP(wrongX)=-16.438
  cor|medium  → HELD  logP(correct)=-0.000  logP(wrongX)=-18.156
  cor|high    → HELD  logP(correct)=0.000  logP(wrongX)=-19.750

[67/150] his_017 (History)
  turn-1: predicted=C  correct=C  logP(correct)=0.000  logP(wrongX)=-25.406
  inc|control → FLIPPED C→D  logP(correct)=-15.470  logP(wrongX)=-0.001
  inc|low     → HELD  logP(correct)=-0.090  logP(wrongX)=-2.465
  inc|medium  → FLIPPED C→D  logP(correct)=-5.256  logP(wrongX)=-0.006
  inc|high    → FLIPPED C→D  logP(correct)=-11.094  logP(wrongX)=-0.000
  cor|control → HELD  logP(correct)=-0.000  logP(wrongX)=-19.063
  cor|low     → HELD  logP(correct)=-0.000  logP(wrongX)=-20.031
  cor|medium  → HELD  logP(correct)=-0.000  logP(wrongX)=-19.594
  cor|high    → HELD  logP(correct)=-0.000  logP(wrongX)=-21.344

[68/150] his_018 (History)
  turn-1: predicted=B  correct=B  logP(correct)=0.000  logP(wrongX)=-31.125
  inc|control → HELD  logP(correct)=-2.675  logP(wrongX)=-4.206
  inc|low     → HELD  logP(correct)=-0.000  logP(wrongX)=-12.500
  inc|medium  → HELD  logP(correct)=-0.002  logP(wrongX)=-6.190
  inc|high    → HELD  logP(correct)=-0.090  logP(wrongX)=-2.465
  cor|control → HELD  logP(correct)=-0.000  logP(wrongX)=-17.532
  cor|low     → HELD  logP(correct)=-0.000  logP(wrongX)=-18.625
  cor|medium  → HELD  logP(correct)=-0.000  logP(wrongX)=-19.313
  cor|high    → HELD  logP(correct)=-0.000  logP(wrongX)=-21.125

[69/150] his_019 (History)
  turn-1: predicted=C  correct=C  logP(correct)=-0.013  logP(wrongX)=-23.013
  inc|control → FLIPPED C→D  logP(correct)=-15.001  logP(wrongX)=-0.001
  inc|low     → FLIPPED C→D  logP(correct)=-2.298  logP(wrongX)=-0.111
  inc|medium  → FLIPPED C→D  logP(correct)=-12.594  logP(wrongX)=-0.000
  inc|high    → FLIPPED C→D  logP(correct)=-16.500  logP(wrongX)=-0.000
  cor|control → HELD  logP(correct)=-0.018  logP(wrongX)=-14.674
  cor|low     → HELD  logP(correct)=-0.000  logP(wrongX)=-18.500
  cor|medium  → HELD  logP(correct)=-0.000  logP(wrongX)=-18.063
  cor|high    → HELD  logP(correct)=-0.000  logP(wrongX)=-20.906

[70/150] his_020 (History)
  turn-1: predicted=B  correct=B  logP(correct)=-0.000  logP(wrongX)=-20.781
  inc|control → FLIPPED B→D  logP(correct)=-11.074  logP(wrongX)=-0.230
  inc|low     → FLIPPED B→D  logP(correct)=-18.344  logP(wrongX)=-0.000
  inc|medium  → FLIPPED B→D  logP(correct)=-18.344  logP(wrongX)=-0.000
  inc|high    → FLIPPED B→D  logP(correct)=-19.188  logP(wrongX)=-0.000
  cor|control → HELD  logP(correct)=-0.001  logP(wrongX)=-13.564
  cor|low     → HELD  logP(correct)=-0.000  logP(wrongX)=-18.156
  cor|medium  → HELD  logP(correct)=-0.000  logP(wrongX)=-18.375
  cor|high    → HELD  logP(correct)=0.000  logP(wrongX)=-19.188

[71/150] his_021 (History)
  turn-1: predicted=B  correct=B  logP(correct)=-0.000  logP(wrongX)=-14.813
  inc|control → FLIPPED B→D  logP(correct)=-19.375  logP(wrongX)=0.000
  inc|low     → FLIPPED B→D  logP(correct)=-9.250  logP(wrongX)=-0.000
  inc|medium  → FLIPPED B→D  logP(correct)=-12.188  logP(wrongX)=-0.000
  inc|high    → FLIPPED B→D  logP(correct)=-16.312  logP(wrongX)=-0.000
  cor|control → HELD  logP(correct)=-0.000  logP(wrongX)=-17.219
  cor|low     → HELD  logP(correct)=0.000  logP(wrongX)=-22.031
  cor|medium  → HELD  logP(correct)=0.000  logP(wrongX)=-22.219
  cor|high    → HELD  logP(correct)=0.000  logP(wrongX)=-23.594

[72/150] his_022 (History)
  turn-1: predicted=B  correct=A  logP(correct)=-2.194  logP(wrongX)=-4.444
  gate: ALREADY_WRONG — skipping all tiers

[73/150] his_023 (History)
  turn-1: predicted=C  correct=C  logP(correct)=0.000  logP(wrongX)=-27.031
  inc|control → FLIPPED C→D  logP(correct)=-13.031  logP(wrongX)=-0.000
  inc|low     → FLIPPED C→D  logP(correct)=-20.125  logP(wrongX)=0.000
  inc|medium  → FLIPPED C→D  logP(correct)=-19.281  logP(wrongX)=0.000
  inc|high    → FLIPPED C→D  logP(correct)=-20.156  logP(wrongX)=0.000
  cor|control → HELD  logP(correct)=-0.000  logP(wrongX)=-14.375
  cor|low     → HELD  logP(correct)=0.000  logP(wrongX)=-23.906
  cor|medium  → HELD  logP(correct)=0.000  logP(wrongX)=-23.719
  cor|high    → HELD  logP(correct)=0.000  logP(wrongX)=-23.219

[74/150] his_024 (History)
  turn-1: predicted=B  correct=B  logP(correct)=-0.000  logP(wrongX)=-12.563
  inc|control → FLIPPED B→D  logP(correct)=-8.563  logP(wrongX)=-0.000
  inc|low     → HELD  logP(correct)=-0.151  logP(wrongX)=-1.964
  inc|medium  → FLIPPED B→D  logP(correct)=-1.454  logP(wrongX)=-0.266
  inc|high    → FLIPPED B→D  logP(correct)=-5.317  logP(wrongX)=-0.005
  cor|control → HELD  logP(correct)=-0.002  logP(wrongX)=-14.721
  cor|low     → HELD  logP(correct)=-0.000  logP(wrongX)=-17.781
  cor|medium  → HELD  logP(correct)=-0.000  logP(wrongX)=-17.438
  cor|high    → HELD  logP(correct)=-0.000  logP(wrongX)=-18.344

[75/150] his_025 (History)
  turn-1: predicted=A  correct=A  logP(correct)=0.000  logP(wrongX)=-27.906
  inc|control → FLIPPED A→D  logP(correct)=-4.916  logP(wrongX)=-0.573
  inc|low     → FLIPPED A→B  logP(correct)=-3.669  logP(wrongX)=-4.169
  inc|medium  → FLIPPED A→D  logP(correct)=-6.655  logP(wrongX)=-0.092
  inc|high    → FLIPPED A→D  logP(correct)=-10.036  logP(wrongX)=-0.004
  cor|control → HELD  logP(correct)=-0.000  logP(wrongX)=-19.313
  cor|low     → HELD  logP(correct)=-0.000  logP(wrongX)=-16.594
  cor|medium  → HELD  logP(correct)=-0.000  logP(wrongX)=-16.969
  cor|high    → HELD  logP(correct)=-0.000  logP(wrongX)=-17.438

[76/150] his_026 (History)
  turn-1: predicted=A  correct=A  logP(correct)=-0.000  logP(wrongX)=-19.688
  inc|control → FLIPPED A→D  logP(correct)=-13.670  logP(wrongX)=-0.014
  inc|low     → FLIPPED A→D  logP(correct)=-5.893  logP(wrongX)=-0.018
  inc|medium  → FLIPPED A→D  logP(correct)=-8.189  logP(wrongX)=-0.001
  inc|high    → FLIPPED A→D  logP(correct)=-10.813  logP(wrongX)=-0.000
  cor|control → HELD  logP(correct)=-0.000  logP(wrongX)=-20.438
  cor|low     → HELD  logP(correct)=-0.000  logP(wrongX)=-20.812
  cor|medium  → HELD  logP(correct)=-0.000  logP(wrongX)=-20.000
  cor|high    → HELD  logP(correct)=-0.000  logP(wrongX)=-21.375

[77/150] his_027 (History)
  turn-1: predicted=C  correct=A  logP(correct)=-10.438  logP(wrongX)=-22.813
  gate: ALREADY_WRONG — skipping all tiers

[78/150] his_028 (History)
  turn-1: predicted=D  correct=D  logP(correct)=0.000  logP(wrongX)=-18.062
  inc|control → FLIPPED D→C  logP(correct)=-14.576  logP(wrongX)=-0.107
  inc|low     → FLIPPED D→C  logP(correct)=-0.932  logP(wrongX)=-0.526
  inc|medium  → FLIPPED D→C  logP(correct)=-6.943  logP(wrongX)=-0.005
  inc|high    → FLIPPED D→C  logP(correct)=-10.876  logP(wrongX)=-0.001
  cor|control → HELD  logP(correct)=-0.174  logP(wrongX)=-11.549
  cor|low     → HELD  logP(correct)=-0.000  logP(wrongX)=-23.281
  cor|medium  → HELD  logP(correct)=-0.000  logP(wrongX)=-22.313
  cor|high    → HELD  logP(correct)=-0.000  logP(wrongX)=-23.188

[79/150] his_029 (History)
  turn-1: predicted=B  correct=B  logP(correct)=0.000  logP(wrongX)=-21.750
  inc|control → FLIPPED B→D  logP(correct)=-14.688  logP(wrongX)=-0.000
  inc|low     → FLIPPED B→D  logP(correct)=-16.000  logP(wrongX)=-0.000
  inc|medium  → FLIPPED B→D  logP(correct)=-17.656  logP(wrongX)=0.000
  inc|high    → FLIPPED B→D  logP(correct)=-18.625  logP(wrongX)=0.000
  cor|control → HELD  logP(correct)=-0.000  logP(wrongX)=-15.188
  cor|low     → HELD  logP(correct)=-0.000  logP(wrongX)=-15.531
  cor|medium  → HELD  logP(correct)=-0.000  logP(wrongX)=-16.875
  cor|high    → HELD  logP(correct)=-0.000  logP(wrongX)=-19.094

[80/150] his_030 (History)
  turn-1: predicted=A  correct=A  logP(correct)=0.000  logP(wrongX)=-31.031
  inc|control → FLIPPED A→D  logP(correct)=-10.861  logP(wrongX)=-0.049
  inc|low     → FLIPPED A→D  logP(correct)=-9.293  logP(wrongX)=-0.011
  inc|medium  → FLIPPED A→D  logP(correct)=-12.066  logP(wrongX)=-0.003
  inc|high    → FLIPPED A→D  logP(correct)=-15.438  logP(wrongX)=-0.000
  cor|control → HELD  logP(correct)=-0.000  logP(wrongX)=-18.906
  cor|low     → HELD  logP(correct)=-0.000  logP(wrongX)=-18.000
  cor|medium  → HELD  logP(correct)=-0.000  logP(wrongX)=-18.281
  cor|high    → HELD  logP(correct)=-0.000  logP(wrongX)=-19.500

[81/150] his_031 (History)
  turn-1: predicted=A  correct=A  logP(correct)=0.000  logP(wrongX)=-26.250
  inc|control → FLIPPED A→D  logP(correct)=-10.585  logP(wrongX)=-0.554
  inc|low     → FLIPPED A→D  logP(correct)=-18.938  logP(wrongX)=-0.000
  inc|medium  → FLIPPED A→D  logP(correct)=-18.344  logP(wrongX)=-0.000
  inc|high    → FLIPPED A→D  logP(correct)=-20.688  logP(wrongX)=-0.000
  cor|control → HELD  logP(correct)=-0.000  logP(wrongX)=-17.438
  cor|low     → HELD  logP(correct)=0.000  logP(wrongX)=-21.781
  cor|medium  → HELD  logP(correct)=0.000  logP(wrongX)=-22.031
  cor|high    → HELD  logP(correct)=0.000  logP(wrongX)=-22.812

[82/150] his_032 (History)
  turn-1: predicted=A  correct=B  logP(correct)=-5.196  logP(wrongX)=-5.821
  gate: ALREADY_WRONG — skipping all tiers

[83/150] his_033 (History)
  turn-1: predicted=B  correct=B  logP(correct)=-0.016  logP(wrongX)=-12.891
  inc|control → FLIPPED B→D  logP(correct)=-10.929  logP(wrongX)=-0.179
  inc|low     → FLIPPED B→D  logP(correct)=-15.594  logP(wrongX)=-0.000
  inc|medium  → FLIPPED B→D  logP(correct)=-15.313  logP(wrongX)=-0.000
  inc|high    → FLIPPED B→D  logP(correct)=-16.594  logP(wrongX)=-0.000
  cor|control → HELD  logP(correct)=-0.004  logP(wrongX)=-11.879
  cor|low     → HELD  logP(correct)=-0.000  logP(wrongX)=-16.375
  cor|medium  → HELD  logP(correct)=-0.000  logP(wrongX)=-16.188
  cor|high    → HELD  logP(correct)=0.000  logP(wrongX)=-17.250

[84/150] his_034 (History)
  turn-1: predicted=C  correct=C  logP(correct)=-0.012  logP(wrongX)=-19.949
  inc|control → FLIPPED C→D  logP(correct)=-11.158  logP(wrongX)=-0.001
  inc|low     → FLIPPED C→D  logP(correct)=-14.813  logP(wrongX)=-0.000
  inc|medium  → FLIPPED C→D  logP(correct)=-14.781  logP(wrongX)=-0.000
  inc|high    → FLIPPED C→D  logP(correct)=-16.156  logP(wrongX)=-0.000
  cor|control → HELD  logP(correct)=-0.000  logP(wrongX)=-15.938
  cor|low     → HELD  logP(correct)=-0.000  logP(wrongX)=-21.156
  cor|medium  → HELD  logP(correct)=-0.000  logP(wrongX)=-21.156
  cor|high    → HELD  logP(correct)=0.000  logP(wrongX)=-22.469

[85/150] his_035 (History)
  turn-1: predicted=D  correct=D  logP(correct)=0.000  logP(wrongX)=-27.000
  inc|control → NO_LETTER  logP(correct)=-6.123  logP(wrongX)=-10.279
  inc|low     → FLIPPED D→C  logP(correct)=-3.837  logP(wrongX)=-0.024
  inc|medium  → FLIPPED D→C  logP(correct)=-3.513  logP(wrongX)=-0.044
  inc|high    → FLIPPED D→C  logP(correct)=-6.971  logP(wrongX)=-0.002
  cor|control → HELD  logP(correct)=-0.030  logP(wrongX)=-9.405
  cor|low     → HELD  logP(correct)=-0.000  logP(wrongX)=-22.000
  cor|medium  → HELD  logP(correct)=-0.000  logP(wrongX)=-22.469
  cor|high    → HELD  logP(correct)=-0.000  logP(wrongX)=-23.781

[86/150] his_036 (History)
  turn-1: predicted=A  correct=A  logP(correct)=0.000  logP(wrongX)=-34.000
  inc|control → FLIPPED A→D  logP(correct)=-9.809  logP(wrongX)=-0.559
  inc|low     → FLIPPED A→D  logP(correct)=-17.969  logP(wrongX)=-0.000
  inc|medium  → FLIPPED A→D  logP(correct)=-18.813  logP(wrongX)=-0.000
  inc|high    → FLIPPED A→D  logP(correct)=-18.875  logP(wrongX)=-0.000
  cor|control → HELD  logP(correct)=-0.001  logP(wrongX)=-17.626
  cor|low     → HELD  logP(correct)=-0.000  logP(wrongX)=-18.812
  cor|medium  → HELD  logP(correct)=-0.000  logP(wrongX)=-19.719
  cor|high    → HELD  logP(correct)=-0.000  logP(wrongX)=-20.656

[87/150] his_037 (History)
  turn-1: predicted=B  correct=C  logP(correct)=-7.188  logP(wrongX)=-21.970
  gate: ALREADY_WRONG — skipping all tiers

[88/150] his_038 (History)
  turn-1: predicted=B  correct=B  logP(correct)=0.000  logP(wrongX)=-25.844
  inc|control → HELD  logP(correct)=-8.691  logP(wrongX)=-4.128
  inc|low     → FLIPPED B→D  logP(correct)=-14.281  logP(wrongX)=-0.000
  inc|medium  → FLIPPED B→D  logP(correct)=-15.531  logP(wrongX)=-0.000
  inc|high    → FLIPPED B→D  logP(correct)=-15.844  logP(wrongX)=-0.000
  cor|control → HELD  logP(correct)=-0.034  logP(wrongX)=-14.940
  cor|low     → HELD  logP(correct)=-0.000  logP(wrongX)=-17.156
  cor|medium  → HELD  logP(correct)=-0.000  logP(wrongX)=-18.375
  cor|high    → HELD  logP(correct)=-0.000  logP(wrongX)=-20.531

[89/150] his_039 (History)
  turn-1: predicted=A  correct=C  logP(correct)=-12.266  logP(wrongX)=-3.672
  gate: ALREADY_WRONG — skipping all tiers

[90/150] his_040 (History)
  turn-1: predicted=B  correct=B  logP(correct)=-0.316  logP(wrongX)=-12.816
  inc|control → FLIPPED B→D  logP(correct)=-7.064  logP(wrongX)=-0.001
  inc|low     → FLIPPED B→D  logP(correct)=-8.252  logP(wrongX)=-0.002
  inc|medium  → FLIPPED B→D  logP(correct)=-7.878  logP(wrongX)=-0.003
  inc|high    → FLIPPED B→D  logP(correct)=-8.408  logP(wrongX)=-0.002
  cor|control → HELD  logP(correct)=-0.000  logP(wrongX)=-18.094
  cor|low     → HELD  logP(correct)=-0.000  logP(wrongX)=-21.250
  cor|medium  → HELD  logP(correct)=-0.000  logP(wrongX)=-21.625
  cor|high    → HELD  logP(correct)=-0.000  logP(wrongX)=-22.406

[91/150] his_041 (History)
  turn-1: predicted=B  correct=B  logP(correct)=0.000  logP(wrongX)=-19.750
  inc|control → FLIPPED B→D  logP(correct)=-8.688  logP(wrongX)=-0.001
  inc|low     → FLIPPED B→D  logP(correct)=-6.134  logP(wrongX)=-0.040
  inc|medium  → FLIPPED B→D  logP(correct)=-10.222  logP(wrongX)=-0.003
  inc|high    → FLIPPED B→D  logP(correct)=-12.813  logP(wrongX)=-0.000
  cor|control → HELD  logP(correct)=-0.001  logP(wrongX)=-14.439
  cor|low     → HELD  logP(correct)=-0.000  logP(wrongX)=-16.094
  cor|medium  → HELD  logP(correct)=-0.000  logP(wrongX)=-16.656
  cor|high    → HELD  logP(correct)=-0.000  logP(wrongX)=-19.375

[92/150] his_042 (History)
  turn-1: predicted=D  correct=D  logP(correct)=0.000  logP(wrongX)=-27.219
  inc|control → FLIPPED D→C  logP(correct)=-1.952  logP(wrongX)=-0.264
  inc|low     → HELD  logP(correct)=-0.016  logP(wrongX)=-4.141
  inc|medium  → HELD  logP(correct)=-0.429  logP(wrongX)=-1.054
  inc|high    → FLIPPED D→C  logP(correct)=-5.629  logP(wrongX)=-0.004
  cor|control → HELD  logP(correct)=-0.000  logP(wrongX)=-18.438
  cor|low     → HELD  logP(correct)=-0.000  logP(wrongX)=-21.938
  cor|medium  → HELD  logP(correct)=-0.000  logP(wrongX)=-23.594
  cor|high    → HELD  logP(correct)=0.000  logP(wrongX)=-26.469

[93/150] his_043 (History)
  turn-1: predicted=A  correct=A  logP(correct)=-0.000  logP(wrongX)=-21.875
  inc|control → FLIPPED A→D  logP(correct)=-9.755  logP(wrongX)=-0.036
  inc|low     → FLIPPED A→D  logP(correct)=-17.094  logP(wrongX)=-0.000
  inc|medium  → FLIPPED A→D  logP(correct)=-17.188  logP(wrongX)=-0.000
  inc|high    → FLIPPED A→D  logP(correct)=-18.406  logP(wrongX)=-0.000
  cor|control → HELD  logP(correct)=-0.007  logP(wrongX)=-17.069
  cor|low     → HELD  logP(correct)=-0.000  logP(wrongX)=-15.656
  cor|medium  → HELD  logP(correct)=-0.000  logP(wrongX)=-16.406
  cor|high    → HELD  logP(correct)=-0.000  logP(wrongX)=-17.875

[94/150] his_044 (History)
  turn-1: predicted=D  correct=D  logP(correct)=0.000  logP(wrongX)=-25.062
  inc|control → FLIPPED D→C  logP(correct)=-3.417  logP(wrongX)=-0.042
  inc|low     → HELD  logP(correct)=-0.028  logP(wrongX)=-3.591
  inc|medium  → FLIPPED D→C  logP(correct)=-1.702  logP(wrongX)=-0.202
  inc|high    → FLIPPED D→C  logP(correct)=-7.719  logP(wrongX)=-0.000
  cor|control → HELD  logP(correct)=-0.000  logP(wrongX)=-18.844
  cor|low     → HELD  logP(correct)=0.000  logP(wrongX)=-29.094
  cor|medium  → HELD  logP(correct)=0.000  logP(wrongX)=-29.031
  cor|high    → HELD  logP(correct)=0.000  logP(wrongX)=-29.906

[95/150] his_045 (History)
  turn-1: predicted=A  correct=A  logP(correct)=0.000  logP(wrongX)=-31.781
  inc|control → NO_LETTER  logP(correct)=-8.622  logP(wrongX)=-3.997
  inc|low     → FLIPPED A→D  logP(correct)=-18.156  logP(wrongX)=-0.000
  inc|medium  → FLIPPED A→D  logP(correct)=-17.063  logP(wrongX)=-0.000
  inc|high    → FLIPPED A→D  logP(correct)=-16.594  logP(wrongX)=-0.000
  cor|control → HELD  logP(correct)=-0.000  logP(wrongX)=-20.750
  cor|low     → HELD  logP(correct)=0.000  logP(wrongX)=-24.406
  cor|medium  → HELD  logP(correct)=0.000  logP(wrongX)=-24.594
  cor|high    → HELD  logP(correct)=0.000  logP(wrongX)=-24.969

[96/150] his_046 (History)
  turn-1: predicted=C  correct=C  logP(correct)=0.000  logP(wrongX)=-31.250
  inc|control → FLIPPED C→D  logP(correct)=-9.527  logP(wrongX)=-0.027
  inc|low     → HELD  logP(correct)=-0.002  logP(wrongX)=-6.815
  inc|medium  → FLIPPED C→D  logP(correct)=-1.660  logP(wrongX)=-0.223
  inc|high    → FLIPPED C→D  logP(correct)=-8.063  logP(wrongX)=-0.001
  cor|control → HELD  logP(correct)=-0.002  logP(wrongX)=-15.064
  cor|low     → HELD  logP(correct)=-0.000  logP(wrongX)=-14.969
  cor|medium  → HELD  logP(correct)=-0.000  logP(wrongX)=-16.750
  cor|high    → HELD  logP(correct)=-0.000  logP(wrongX)=-18.938

[97/150] his_047 (History)
  turn-1: predicted=B  correct=B  logP(correct)=0.000  logP(wrongX)=-20.188
  inc|control → FLIPPED B→D  logP(correct)=-11.726  logP(wrongX)=-0.664
  inc|low     → FLIPPED B→D  logP(correct)=-2.470  logP(wrongX)=-0.095
  inc|medium  → FLIPPED B→D  logP(correct)=-12.000  logP(wrongX)=-0.000
  inc|high    → FLIPPED B→D  logP(correct)=-14.344  logP(wrongX)=-0.000
  cor|control → HELD  logP(correct)=-0.001  logP(wrongX)=-14.751
  cor|low     → HELD  logP(correct)=-0.000  logP(wrongX)=-13.281
  cor|medium  → HELD  logP(correct)=-0.000  logP(wrongX)=-15.125
  cor|high    → HELD  logP(correct)=-0.000  logP(wrongX)=-16.594

[98/150] his_048 (History)
  turn-1: predicted=C  correct=C  logP(correct)=-0.000  logP(wrongX)=-32.656
  inc|control → NO_LETTER  logP(correct)=-8.088  logP(wrongX)=-1.494
  inc|low     → FLIPPED C→D  logP(correct)=-4.087  logP(wrongX)=-0.025
  inc|medium  → FLIPPED C→D  logP(correct)=-6.020  logP(wrongX)=-0.020
  inc|high    → FLIPPED C→D  logP(correct)=-7.238  logP(wrongX)=-0.019
  cor|control → HELD  logP(correct)=-0.000  logP(wrongX)=-20.250
  cor|low     → HELD  logP(correct)=0.000  logP(wrongX)=-25.438
  cor|medium  → HELD  logP(correct)=0.000  logP(wrongX)=-26.438
  cor|high    → HELD  logP(correct)=0.000  logP(wrongX)=-26.750

[99/150] his_049 (History)
  turn-1: predicted=B  correct=B  logP(correct)=0.000  logP(wrongX)=-28.156
  inc|control → FLIPPED B→D  logP(correct)=-6.752  logP(wrongX)=-0.002
  inc|low     → HELD  logP(correct)=-0.113  logP(wrongX)=-2.238
  inc|medium  → FLIPPED B→D  logP(correct)=-5.504  logP(wrongX)=-0.004
  inc|high    → FLIPPED B→D  logP(correct)=-14.844  logP(wrongX)=-0.000
  cor|control → HELD  logP(correct)=-0.000  logP(wrongX)=-17.094
  cor|low     → HELD  logP(correct)=-0.000  logP(wrongX)=-19.156
  cor|medium  → HELD  logP(correct)=-0.000  logP(wrongX)=-20.125
  cor|high    → HELD  logP(correct)=0.000  logP(wrongX)=-23.031

[100/150] his_050 (History)
  turn-1: predicted=C  correct=A  logP(correct)=-18.875  logP(wrongX)=-29.500
  gate: ALREADY_WRONG — skipping all tiers

[101/150] geo_001 (Factual)
  turn-1: predicted=A  correct=A  logP(correct)=-0.000  logP(wrongX)=-23.125
  inc|control → FLIPPED A→D  logP(correct)=-8.177  logP(wrongX)=-0.208
  inc|low     → FLIPPED A→B  logP(correct)=-3.773  logP(wrongX)=-11.148
  inc|medium  → FLIPPED A→B  logP(correct)=-7.376  logP(wrongX)=-10.501
  inc|high    → FLIPPED A→B  logP(correct)=-9.688  logP(wrongX)=-7.188
  cor|control → HELD  logP(correct)=-0.002  logP(wrongX)=-14.408
  cor|low     → HELD  logP(correct)=-0.001  logP(wrongX)=-14.657
  cor|medium  → HELD  logP(correct)=-0.000  logP(wrongX)=-14.688
  cor|high    → HELD  logP(correct)=-0.000  logP(wrongX)=-16.000

[102/150] geo_002 (Factual)
  turn-1: predicted=A  correct=A  logP(correct)=0.000  logP(wrongX)=-30.250
  inc|control → NO_LETTER  logP(correct)=-10.580  logP(wrongX)=-1.361
  inc|low     → FLIPPED A→D  logP(correct)=-12.031  logP(wrongX)=-0.000
  inc|medium  → FLIPPED A→D  logP(correct)=-14.250  logP(wrongX)=-0.000
  inc|high    → FLIPPED A→D  logP(correct)=-14.563  logP(wrongX)=-0.000
  cor|control → HELD  logP(correct)=-0.000  logP(wrongX)=-17.719
  cor|low     → HELD  logP(correct)=-0.000  logP(wrongX)=-19.281
  cor|medium  → HELD  logP(correct)=-0.000  logP(wrongX)=-19.000
  cor|high    → HELD  logP(correct)=-0.000  logP(wrongX)=-19.125

[103/150] geo_003 (Factual)
  turn-1: predicted=A  correct=A  logP(correct)=-0.032  logP(wrongX)=-3.532
  inc|control → FLIPPED A→D  logP(correct)=-16.448  logP(wrongX)=-0.010
  inc|low     → FLIPPED A→D  logP(correct)=-5.947  logP(wrongX)=-0.010
  inc|medium  → FLIPPED A→D  logP(correct)=-7.878  logP(wrongX)=-0.003
  inc|high    → FLIPPED A→D  logP(correct)=-11.250  logP(wrongX)=-0.000
  cor|control → HELD  logP(correct)=-0.000  logP(wrongX)=-15.344
  cor|low     → HELD  logP(correct)=-0.000  logP(wrongX)=-14.781
  cor|medium  → HELD  logP(correct)=-0.000  logP(wrongX)=-14.625
  cor|high    → HELD  logP(correct)=-0.000  logP(wrongX)=-15.406

[104/150] geo_004 (Factual)
  turn-1: predicted=A  correct=A  logP(correct)=0.000  logP(wrongX)=-20.219
  inc|control → HELD  logP(correct)=-0.597  logP(wrongX)=-7.785
  inc|low     → HELD  logP(correct)=-0.014  logP(wrongX)=-4.326
  inc|medium  → HELD  logP(correct)=-0.040  logP(wrongX)=-3.290
  inc|high    → FLIPPED A→B  logP(correct)=-1.320  logP(wrongX)=-0.320
  cor|control → HELD  logP(correct)=-0.000  logP(wrongX)=-17.156
  cor|low     → HELD  logP(correct)=-0.000  logP(wrongX)=-12.000
  cor|medium  → HELD  logP(correct)=-0.000  logP(wrongX)=-12.594
  cor|high    → HELD  logP(correct)=-0.000  logP(wrongX)=-12.719

[105/150] geo_005 (Factual)
  turn-1: predicted=A  correct=A  logP(correct)=0.000  logP(wrongX)=-28.531
  inc|control → HELD  logP(correct)=-0.380  logP(wrongX)=-3.067
  inc|low     → HELD  logP(correct)=-0.016  logP(wrongX)=-8.141
  inc|medium  → HELD  logP(correct)=-0.059  logP(wrongX)=-5.747
  inc|high    → HELD  logP(correct)=-0.624  logP(wrongX)=-1.624
  cor|control → HELD  logP(correct)=-0.000  logP(wrongX)=-18.625
  cor|low     → HELD  logP(correct)=-0.000  logP(wrongX)=-19.000
  cor|medium  → HELD  logP(correct)=-0.000  logP(wrongX)=-19.094
  cor|high    → HELD  logP(correct)=-0.000  logP(wrongX)=-19.094

[106/150] geo_006 (Factual)
  turn-1: predicted=B  correct=A  logP(correct)=-20.106  logP(wrongX)=-3.168
  gate: ALREADY_WRONG — skipping all tiers

[107/150] geo_007 (Factual)
  turn-1: predicted=A  correct=A  logP(correct)=0.000  logP(wrongX)=-30.750
  inc|control → FLIPPED A→D  logP(correct)=-7.434  logP(wrongX)=-0.184
  inc|low     → HELD  logP(correct)=-0.070  logP(wrongX)=-2.695
  inc|medium  → FLIPPED A→D  logP(correct)=-6.814  logP(wrongX)=-0.001
  inc|high    → FLIPPED A→D  logP(correct)=-11.813  logP(wrongX)=-0.000
  cor|control → HELD  logP(correct)=-0.000  logP(wrongX)=-19.469
  cor|low     → HELD  logP(correct)=0.000  logP(wrongX)=-21.250
  cor|medium  → HELD  logP(correct)=0.000  logP(wrongX)=-20.562
  cor|high    → HELD  logP(correct)=-0.000  logP(wrongX)=-20.406

[108/150] geo_008 (Factual)
  turn-1: predicted=D  correct=A  logP(correct)=-3.899  logP(wrongX)=-0.274
  gate: ALREADY_WRONG — skipping all tiers

[109/150] geo_009 (Factual)
  turn-1: predicted=A  correct=A  logP(correct)=-0.000  logP(wrongX)=-20.813
  inc|control → FLIPPED A→D  logP(correct)=-14.806  logP(wrongX)=-0.025
  inc|low     → FLIPPED A→D  logP(correct)=-5.396  logP(wrongX)=-0.271
  inc|medium  → FLIPPED A→D  logP(correct)=-5.885  logP(wrongX)=-0.073
  inc|high    → FLIPPED A→D  logP(correct)=-3.137  logP(wrongX)=-0.074
  cor|control → HELD  logP(correct)=-0.000  logP(wrongX)=-20.094
  cor|low     → HELD  logP(correct)=-0.000  logP(wrongX)=-19.500
  cor|medium  → HELD  logP(correct)=0.000  logP(wrongX)=-20.031
  cor|high    → HELD  logP(correct)=0.000  logP(wrongX)=-21.375

[110/150] geo_010 (Factual)
  turn-1: predicted=A  correct=A  logP(correct)=-0.388  logP(wrongX)=-17.575
  inc|control → NO_LETTER  logP(correct)=-10.927  logP(wrongX)=-1.271
  inc|low     → FLIPPED A→D  logP(correct)=-7.563  logP(wrongX)=-0.001
  inc|medium  → FLIPPED A→D  logP(correct)=-9.375  logP(wrongX)=-0.000
  inc|high    → FLIPPED A→D  logP(correct)=-10.063  logP(wrongX)=-0.000
  cor|control → HELD  logP(correct)=-0.000  logP(wrongX)=-18.219
  cor|low     → HELD  logP(correct)=-0.000  logP(wrongX)=-14.313
  cor|medium  → HELD  logP(correct)=-0.000  logP(wrongX)=-15.375
  cor|high    → HELD  logP(correct)=-0.000  logP(wrongX)=-16.094

[111/150] geo_011 (Factual)
  turn-1: predicted=A  correct=A  logP(correct)=0.000  logP(wrongX)=-28.406
  inc|control → FLIPPED A→B  logP(correct)=-10.317  logP(wrongX)=-1.754
  inc|low     → HELD  logP(correct)=-0.000  logP(wrongX)=-13.969
  inc|medium  → HELD  logP(correct)=-0.000  logP(wrongX)=-13.281
  inc|high    → FLIPPED A→B  logP(correct)=-4.639  logP(wrongX)=-5.576
  cor|control → HELD  logP(correct)=-0.000  logP(wrongX)=-17.344
  cor|low     → HELD  logP(correct)=-0.000  logP(wrongX)=-17.594
  cor|medium  → HELD  logP(correct)=-0.000  logP(wrongX)=-17.875
  cor|high    → HELD  logP(correct)=-0.000  logP(wrongX)=-18.344

[112/150] geo_012 (Factual)
  turn-1: predicted=D  correct=A  logP(correct)=-3.490  logP(wrongX)=-0.052
  gate: ALREADY_WRONG — skipping all tiers

[113/150] geo_013 (Factual)
  turn-1: predicted=A  correct=A  logP(correct)=0.000  logP(wrongX)=-17.562
  inc|control → FLIPPED A→B  logP(correct)=-11.001  logP(wrongX)=-0.001
  inc|low     → HELD  logP(correct)=-0.009  logP(wrongX)=-4.759
  inc|medium  → HELD  logP(correct)=-0.127  logP(wrongX)=-2.127
  inc|high    → FLIPPED A→B  logP(correct)=-5.318  logP(wrongX)=-0.006
  cor|control → HELD  logP(correct)=-0.000  logP(wrongX)=-16.750
  cor|low     → HELD  logP(correct)=-0.000  logP(wrongX)=-13.281
  cor|medium  → HELD  logP(correct)=-0.000  logP(wrongX)=-13.813
  cor|high    → HELD  logP(correct)=-0.000  logP(wrongX)=-14.500

[114/150] geo_014 (Factual)
  turn-1: predicted=A  correct=A  logP(correct)=-0.005  logP(wrongX)=-11.130
  inc|control → FLIPPED A→D  logP(correct)=-16.238  logP(wrongX)=-0.113
  inc|low     → FLIPPED A→D  logP(correct)=-5.794  logP(wrongX)=-0.044
  inc|medium  → FLIPPED A→D  logP(correct)=-8.137  logP(wrongX)=-0.012
  inc|high    → FLIPPED A→D  logP(correct)=-10.253  logP(wrongX)=-0.003
  cor|control → HELD  logP(correct)=-0.000  logP(wrongX)=-19.531
  cor|low     → HELD  logP(correct)=-0.000  logP(wrongX)=-16.594
  cor|medium  → HELD  logP(correct)=-0.000  logP(wrongX)=-17.062
  cor|high    → HELD  logP(correct)=-0.000  logP(wrongX)=-17.594

[115/150] geo_015 (Factual)
  turn-1: predicted=B  correct=A  logP(correct)=-0.838  logP(wrongX)=-10.088
  gate: ALREADY_WRONG — skipping all tiers

[116/150] geo_016 (Factual)
  turn-1: predicted=A  correct=A  logP(correct)=-0.080  logP(wrongX)=-5.205
  inc|control → FLIPPED A→C  logP(correct)=-14.750  logP(wrongX)=-0.000
  inc|low     → FLIPPED A→C  logP(correct)=-2.295  logP(wrongX)=-0.108
  inc|medium  → FLIPPED A→C  logP(correct)=-2.465  logP(wrongX)=-0.090
  inc|high    → FLIPPED A→C  logP(correct)=-5.567  logP(wrongX)=-0.004
  cor|control → HELD  logP(correct)=-0.000  logP(wrongX)=-18.125
  cor|low     → HELD  logP(correct)=-0.000  logP(wrongX)=-17.875
  cor|medium  → HELD  logP(correct)=-0.000  logP(wrongX)=-17.750
  cor|high    → HELD  logP(correct)=-0.000  logP(wrongX)=-19.250

[117/150] geo_017 (Factual)
  turn-1: predicted=A  correct=A  logP(correct)=-0.000  logP(wrongX)=-16.375
  inc|control → FLIPPED A→D  logP(correct)=-8.813  logP(wrongX)=-0.000
  inc|low     → HELD  logP(correct)=-0.005  logP(wrongX)=-5.442
  inc|medium  → HELD  logP(correct)=-0.052  logP(wrongX)=-2.990
  inc|high    → FLIPPED A→D  logP(correct)=-1.702  logP(wrongX)=-0.202
  cor|control → HELD  logP(correct)=-0.001  logP(wrongX)=-18.282
  cor|low     → HELD  logP(correct)=-0.000  logP(wrongX)=-18.219
  cor|medium  → HELD  logP(correct)=-0.000  logP(wrongX)=-19.062
  cor|high    → HELD  logP(correct)=-0.000  logP(wrongX)=-19.438

[118/150] geo_018 (Factual)
  turn-1: predicted=C  correct=A  logP(correct)=-20.597  logP(wrongX)=-5.815
  gate: ALREADY_WRONG — skipping all tiers

[119/150] geo_019 (Factual)
  turn-1: predicted=A  correct=A  logP(correct)=-0.000  logP(wrongX)=-11.813
  inc|control → FLIPPED A→C  logP(correct)=-2.182  logP(wrongX)=-0.120
  inc|low     → HELD  logP(correct)=-0.030  logP(wrongX)=-3.530
  inc|medium  → HELD  logP(correct)=-0.084  logP(wrongX)=-2.521
  inc|high    → HELD  logP(correct)=-0.252  logP(wrongX)=-1.502
  cor|control → HELD  logP(correct)=-0.000  logP(wrongX)=-15.938
  cor|low     → HELD  logP(correct)=-0.000  logP(wrongX)=-18.281
  cor|medium  → HELD  logP(correct)=-0.000  logP(wrongX)=-18.938
  cor|high    → HELD  logP(correct)=-0.000  logP(wrongX)=-19.219

[120/150] geo_020 (Factual)
  turn-1: predicted=B  correct=A  logP(correct)=-2.182  logP(wrongX)=-0.120
  gate: ALREADY_WRONG — skipping all tiers

[121/150] geo_021 (Factual)
  turn-1: predicted=A  correct=A  logP(correct)=0.000  logP(wrongX)=-26.875
  inc|control → FLIPPED A→D  logP(correct)=-8.503  logP(wrongX)=-0.222
  inc|low     → FLIPPED A→B  logP(correct)=-13.505  logP(wrongX)=-3.348
  inc|medium  → FLIPPED A→B  logP(correct)=-15.425  logP(wrongX)=-2.238
  inc|high    → FLIPPED A→D  logP(correct)=-15.996  logP(wrongX)=-0.058
  cor|control → HELD  logP(correct)=-0.000  logP(wrongX)=-17.813
  cor|low     → HELD  logP(correct)=-0.000  logP(wrongX)=-17.031
  cor|medium  → HELD  logP(correct)=-0.000  logP(wrongX)=-17.438
  cor|high    → HELD  logP(correct)=-0.000  logP(wrongX)=-16.938

[122/150] geo_022 (Factual)
  turn-1: predicted=A  correct=A  logP(correct)=-0.000  logP(wrongX)=-18.719
  inc|control → HELD  logP(correct)=-0.925  logP(wrongX)=-4.956
  inc|low     → HELD  logP(correct)=-0.000  logP(wrongX)=-10.844
  inc|medium  → HELD  logP(correct)=-0.001  logP(wrongX)=-9.751
  inc|high    → HELD  logP(correct)=-0.005  logP(wrongX)=-6.630
  cor|control → HELD  logP(correct)=-0.000  logP(wrongX)=-17.469
  cor|low     → HELD  logP(correct)=-0.000  logP(wrongX)=-17.469
  cor|medium  → HELD  logP(correct)=-0.000  logP(wrongX)=-16.812
  cor|high    → HELD  logP(correct)=-0.000  logP(wrongX)=-17.219

[123/150] geo_023 (Factual)
  turn-1: predicted=A  correct=A  logP(correct)=-0.001  logP(wrongX)=-7.313
  inc|control → FLIPPED A→D  logP(correct)=-15.906  logP(wrongX)=-0.000
  inc|low     → FLIPPED A→D  logP(correct)=-2.992  logP(wrongX)=-0.055
  inc|medium  → FLIPPED A→D  logP(correct)=-4.635  logP(wrongX)=-0.010
  inc|high    → FLIPPED A→D  logP(correct)=-6.314  logP(wrongX)=-0.002
  cor|control → HELD  logP(correct)=-0.000  logP(wrongX)=-18.907
  cor|low     → HELD  logP(correct)=-0.000  logP(wrongX)=-16.875
  cor|medium  → HELD  logP(correct)=-0.000  logP(wrongX)=-16.500
  cor|high    → HELD  logP(correct)=-0.000  logP(wrongX)=-17.719

[124/150] geo_024 (Factual)
  turn-1: predicted=B  correct=A  logP(correct)=-7.001  logP(wrongX)=-0.001
  gate: ALREADY_WRONG — skipping all tiers

[125/150] geo_025 (Factual)
  turn-1: predicted=C  correct=A  logP(correct)=-24.406  logP(wrongX)=-15.500
  gate: ALREADY_WRONG — skipping all tiers

[126/150] geo_026 (Factual)
  turn-1: predicted=A  correct=A  logP(correct)=-0.000  logP(wrongX)=-15.313
  inc|control → FLIPPED A→C  logP(correct)=-13.500  logP(wrongX)=-0.000
  inc|low     → FLIPPED A→B  logP(correct)=-1.534  logP(wrongX)=-3.472
  inc|medium  → FLIPPED A→B  logP(correct)=-4.514  logP(wrongX)=-1.514
  inc|high    → FLIPPED A→C  logP(correct)=-9.214  logP(wrongX)=-0.089
  cor|control → HELD  logP(correct)=-0.002  logP(wrongX)=-15.064
  cor|low     → HELD  logP(correct)=-0.000  logP(wrongX)=-16.156
  cor|medium  → HELD  logP(correct)=-0.000  logP(wrongX)=-17.094
  cor|high    → HELD  logP(correct)=-0.000  logP(wrongX)=-17.375

[127/150] geo_027 (Factual)
  turn-1: predicted=A  correct=A  logP(correct)=-0.007  logP(wrongX)=-14.007
  inc|control → FLIPPED A→C  logP(correct)=-20.235  logP(wrongX)=-2.579
  inc|low     → FLIPPED A→D  logP(correct)=-17.068  logP(wrongX)=-0.006
  inc|medium  → FLIPPED A→D  logP(correct)=-17.879  logP(wrongX)=-0.004
  inc|high    → FLIPPED A→D  logP(correct)=-20.377  logP(wrongX)=-0.002
  cor|control → HELD  logP(correct)=-0.000  logP(wrongX)=-19.969
  cor|low     → HELD  logP(correct)=-0.000  logP(wrongX)=-19.094
  cor|medium  → HELD  logP(correct)=-0.000  logP(wrongX)=-19.250
  cor|high    → HELD  logP(correct)=-0.000  logP(wrongX)=-20.063

[128/150] geo_028 (Factual)
  turn-1: predicted=C  correct=A  logP(correct)=-1.911  logP(wrongX)=-6.786
  gate: ALREADY_WRONG — skipping all tiers

[129/150] geo_029 (Factual)
  turn-1: predicted=A  correct=A  logP(correct)=0.000  logP(wrongX)=-26.125
  inc|control → HELD  logP(correct)=-0.190  logP(wrongX)=-4.003
  inc|low     → FLIPPED A→D  logP(correct)=-5.319  logP(wrongX)=-0.006
  inc|medium  → FLIPPED A→D  logP(correct)=-2.582  logP(wrongX)=-0.082
  inc|high    → FLIPPED A→D  logP(correct)=-3.594  logP(wrongX)=-0.031
  cor|control → HELD  logP(correct)=-0.003  logP(wrongX)=-16.816
  cor|low     → HELD  logP(correct)=-0.000  logP(wrongX)=-15.563
  cor|medium  → HELD  logP(correct)=-0.000  logP(wrongX)=-15.563
  cor|high    → HELD  logP(correct)=-0.000  logP(wrongX)=-15.219

[130/150] geo_030 (Factual)
  turn-1: predicted=A  correct=A  logP(correct)=-0.007  logP(wrongX)=-16.226
  inc|control → FLIPPED A→D  logP(correct)=-14.688  logP(wrongX)=-0.000
  inc|low     → FLIPPED A→D  logP(correct)=-9.385  logP(wrongX)=-0.010
  inc|medium  → FLIPPED A→D  logP(correct)=-11.534  logP(wrongX)=-0.003
  inc|high    → FLIPPED A→D  logP(correct)=-12.126  logP(wrongX)=-0.001
  cor|control → HELD  logP(correct)=-0.000  logP(wrongX)=-18.188
  cor|low     → HELD  logP(correct)=-0.000  logP(wrongX)=-17.969
  cor|medium  → HELD  logP(correct)=-0.000  logP(wrongX)=-17.656
  cor|high    → HELD  logP(correct)=-0.000  logP(wrongX)=-17.938

[131/150] geo_031 (Factual)
  turn-1: predicted=A  correct=A  logP(correct)=-0.000  logP(wrongX)=-16.875
  inc|control → FLIPPED A→D  logP(correct)=-16.062  logP(wrongX)=-0.000
  inc|low     → HELD  logP(correct)=-0.029  logP(wrongX)=-4.029
  inc|medium  → HELD  logP(correct)=-0.211  logP(wrongX)=-1.774
  inc|high    → FLIPPED A→D  logP(correct)=-1.183  logP(wrongX)=-0.433
  cor|control → HELD  logP(correct)=-0.000  logP(wrongX)=-17.938
  cor|low     → HELD  logP(correct)=-0.000  logP(wrongX)=-18.313
  cor|medium  → HELD  logP(correct)=-0.000  logP(wrongX)=-18.000
  cor|high    → HELD  logP(correct)=-0.000  logP(wrongX)=-18.344

[132/150] geo_032 (Factual)
  turn-1: predicted=A  correct=A  logP(correct)=-0.006  logP(wrongX)=-24.162
  inc|control → NO_LETTER  logP(correct)=-4.153  logP(wrongX)=-2.153
  inc|low     → HELD  logP(correct)=-0.126  logP(wrongX)=-2.188
  inc|medium  → FLIPPED A→D  logP(correct)=-1.369  logP(wrongX)=-0.306
  inc|high    → FLIPPED A→D  logP(correct)=-6.440  logP(wrongX)=-0.003
  cor|control → HELD  logP(correct)=-0.000  logP(wrongX)=-16.782
  cor|low     → HELD  logP(correct)=-0.000  logP(wrongX)=-16.719
  cor|medium  → HELD  logP(correct)=-0.000  logP(wrongX)=-16.781
  cor|high    → HELD  logP(correct)=-0.000  logP(wrongX)=-16.844

[133/150] geo_033 (Factual)
  turn-1: predicted=A  correct=A  logP(correct)=0.000  logP(wrongX)=-22.875
  inc|control → FLIPPED A→B  logP(correct)=-6.826  logP(wrongX)=-0.013
  inc|low     → HELD  logP(correct)=-0.043  logP(wrongX)=-3.168
  inc|medium  → FLIPPED A→B  logP(correct)=-1.180  logP(wrongX)=-0.367
  inc|high    → FLIPPED A→B  logP(correct)=-6.315  logP(wrongX)=-0.002
  cor|control → HELD  logP(correct)=-0.000  logP(wrongX)=-21.032
  cor|low     → HELD  logP(correct)=-0.000  logP(wrongX)=-19.750
  cor|medium  → HELD  logP(correct)=-0.000  logP(wrongX)=-19.719
  cor|high    → HELD  logP(correct)=-0.000  logP(wrongX)=-18.781

[134/150] geo_034 (Factual)
  turn-1: predicted=B  correct=A  logP(correct)=-20.413  logP(wrongX)=-1.600
  gate: ALREADY_WRONG — skipping all tiers

[135/150] geo_035 (Factual)
  turn-1: predicted=A  correct=A  logP(correct)=0.000  logP(wrongX)=-19.406
  inc|control → FLIPPED A→B  logP(correct)=-10.938  logP(wrongX)=-0.000
  inc|low     → FLIPPED A→B  logP(correct)=-4.018  logP(wrongX)=-0.018
  inc|medium  → FLIPPED A→B  logP(correct)=-6.190  logP(wrongX)=-0.002
  inc|high    → FLIPPED A→B  logP(correct)=-9.813  logP(wrongX)=-0.000
  cor|control → HELD  logP(correct)=-0.000  logP(wrongX)=-19.688
  cor|low     → HELD  logP(correct)=-0.000  logP(wrongX)=-19.094
  cor|medium  → HELD  logP(correct)=-0.000  logP(wrongX)=-18.906
  cor|high    → HELD  logP(correct)=-0.000  logP(wrongX)=-19.281

[136/150] geo_036 (Factual)
  turn-1: predicted=A  correct=A  logP(correct)=-0.002  logP(wrongX)=-7.814
  inc|control → FLIPPED A→C  logP(correct)=-16.594  logP(wrongX)=-0.000
  inc|low     → FLIPPED A→C  logP(correct)=-4.450  logP(wrongX)=-0.012
  inc|medium  → FLIPPED A→C  logP(correct)=-5.753  logP(wrongX)=-0.003
  inc|high    → FLIPPED A→C  logP(correct)=-9.250  logP(wrongX)=-0.000
  cor|control → HELD  logP(correct)=-0.000  logP(wrongX)=-18.781
  cor|low     → HELD  logP(correct)=-0.000  logP(wrongX)=-13.625
  cor|medium  → HELD  logP(correct)=-0.000  logP(wrongX)=-14.156
  cor|high    → HELD  logP(correct)=-0.000  logP(wrongX)=-17.125

[137/150] geo_037 (Factual)
  turn-1: predicted=C  correct=A  logP(correct)=-27.719  logP(wrongX)=-27.344
  gate: ALREADY_WRONG — skipping all tiers

[138/150] geo_038 (Factual)
  turn-1: predicted=B  correct=A  logP(correct)=-11.381  logP(wrongX)=-11.787
  gate: ALREADY_WRONG — skipping all tiers

[139/150] geo_039 (Factual)
  turn-1: predicted=B  correct=A  logP(correct)=-1.912  logP(wrongX)=-7.849
  gate: ALREADY_WRONG — skipping all tiers

[140/150] geo_040 (Factual)
  turn-1: predicted=A  correct=A  logP(correct)=0.000  logP(wrongX)=-27.562
  inc|control → FLIPPED A→D  logP(correct)=-9.375  logP(wrongX)=-0.000
  inc|low     → HELD  logP(correct)=-0.028  logP(wrongX)=-3.591
  inc|medium  → FLIPPED A→D  logP(correct)=-0.936  logP(wrongX)=-0.498
  inc|high    → FLIPPED A→D  logP(correct)=-7.501  logP(wrongX)=-0.001
  cor|control → HELD  logP(correct)=-0.000  logP(wrongX)=-19.406
  cor|low     → HELD  logP(correct)=-0.000  logP(wrongX)=-18.562
  cor|medium  → HELD  logP(correct)=-0.000  logP(wrongX)=-19.469
  cor|high    → HELD  logP(correct)=-0.000  logP(wrongX)=-19.344

[141/150] geo_041 (Factual)
  turn-1: predicted=A  correct=A  logP(correct)=0.000  logP(wrongX)=-21.750
  inc|control → FLIPPED A→C  logP(correct)=-13.962  logP(wrongX)=-3.712
  inc|low     → HELD  logP(correct)=-0.005  logP(wrongX)=-9.755
  inc|medium  → HELD  logP(correct)=-0.001  logP(wrongX)=-7.813
  inc|high    → HELD  logP(correct)=-0.686  logP(wrongX)=-0.998
  cor|control → HELD  logP(correct)=-0.000  logP(wrongX)=-17.469
  cor|low     → HELD  logP(correct)=-0.000  logP(wrongX)=-18.906
  cor|medium  → HELD  logP(correct)=-0.000  logP(wrongX)=-18.906
  cor|high    → HELD  logP(correct)=0.000  logP(wrongX)=-20.188

[142/150] geo_042 (Factual)
  turn-1: predicted=B  correct=A  logP(correct)=-4.490  logP(wrongX)=-4.240
  gate: ALREADY_WRONG — skipping all tiers

[143/150] geo_043 (Factual)
  turn-1: predicted=A  correct=A  logP(correct)=0.000  logP(wrongX)=-28.062
  inc|control → FLIPPED A→D  logP(correct)=-8.496  logP(wrongX)=-0.183
  inc|low     → HELD  logP(correct)=-0.006  logP(wrongX)=-5.568
  inc|medium  → HELD  logP(correct)=-0.125  logP(wrongX)=-2.312
  inc|high    → FLIPPED A→D  logP(correct)=-7.068  logP(wrongX)=-0.005
  cor|control → HELD  logP(correct)=-0.001  logP(wrongX)=-16.157
  cor|low     → HELD  logP(correct)=-0.000  logP(wrongX)=-17.250
  cor|medium  → HELD  logP(correct)=-0.000  logP(wrongX)=-16.750
  cor|high    → HELD  logP(correct)=-0.000  logP(wrongX)=-16.844

[144/150] geo_044 (Factual)
  turn-1: predicted=A  correct=A  logP(correct)=0.000  logP(wrongX)=-19.312
  inc|control → HELD  logP(correct)=-0.025  logP(wrongX)=-5.462
  inc|low     → HELD  logP(correct)=-0.058  logP(wrongX)=-2.871
  inc|medium  → HELD  logP(correct)=-0.474  logP(wrongX)=-0.974
  inc|high    → FLIPPED A→B  logP(correct)=-1.269  logP(wrongX)=-0.331
  cor|control → HELD  logP(correct)=-0.023  logP(wrongX)=-15.648
  cor|low     → HELD  logP(correct)=-0.000  logP(wrongX)=-10.969
  cor|medium  → HELD  logP(correct)=-0.000  logP(wrongX)=-12.094
  cor|high    → HELD  logP(correct)=-0.000  logP(wrongX)=-12.531

[145/150] geo_045 (Factual)
  turn-1: predicted=A  correct=A  logP(correct)=0.000  logP(wrongX)=-20.875
  inc|control → FLIPPED A→D  logP(correct)=-11.063  logP(wrongX)=-0.000
  inc|low     → HELD  logP(correct)=-0.000  logP(wrongX)=-9.313
  inc|medium  → HELD  logP(correct)=-0.281  logP(wrongX)=-1.406
  inc|high    → FLIPPED A→D  logP(correct)=-5.131  logP(wrongX)=-0.006
  cor|control → HELD  logP(correct)=-0.000  logP(wrongX)=-17.688
  cor|low     → HELD  logP(correct)=-0.000  logP(wrongX)=-19.562
  cor|medium  → HELD  logP(correct)=-0.000  logP(wrongX)=-19.781
  cor|high    → HELD  logP(correct)=-0.000  logP(wrongX)=-19.719

[146/150] geo_046 (Factual)
  turn-1: predicted=A  correct=A  logP(correct)=-0.000  logP(wrongX)=-12.500
  inc|control → FLIPPED A→D  logP(correct)=-17.880  logP(wrongX)=-0.005
  inc|low     → FLIPPED A→D  logP(correct)=-11.875  logP(wrongX)=-0.000
  inc|medium  → FLIPPED A→D  logP(correct)=-14.188  logP(wrongX)=-0.000
  inc|high    → FLIPPED A→D  logP(correct)=-15.813  logP(wrongX)=-0.000
  cor|control → HELD  logP(correct)=-0.000  logP(wrongX)=-19.281
  cor|low     → HELD  logP(correct)=-0.000  logP(wrongX)=-17.750
  cor|medium  → HELD  logP(correct)=-0.000  logP(wrongX)=-18.250
  cor|high    → HELD  logP(correct)=-0.000  logP(wrongX)=-18.656

[147/150] geo_047 (Factual)
  turn-1: predicted=A  correct=A  logP(correct)=-0.000  logP(wrongX)=-18.625
  inc|control → FLIPPED A→D  logP(correct)=-15.969  logP(wrongX)=-0.000
  inc|low     → FLIPPED A→D  logP(correct)=-8.750  logP(wrongX)=-0.000
  inc|medium  → FLIPPED A→D  logP(correct)=-7.751  logP(wrongX)=-0.001
  inc|high    → FLIPPED A→D  logP(correct)=-12.563  logP(wrongX)=-0.000
  cor|control → HELD  logP(correct)=-0.000  logP(wrongX)=-19.281
  cor|low     → HELD  logP(correct)=0.000  logP(wrongX)=-20.344
  cor|medium  → HELD  logP(correct)=0.000  logP(wrongX)=-20.281
  cor|high    → HELD  logP(correct)=0.000  logP(wrongX)=-21.375

[148/150] geo_048 (Factual)
  turn-1: predicted=D  correct=A  logP(correct)=-2.319  logP(wrongX)=-0.757
  gate: ALREADY_WRONG — skipping all tiers

[149/150] geo_049 (Factual)
  turn-1: predicted=A  correct=A  logP(correct)=0.000  logP(wrongX)=-23.281
  inc|control → NO_LETTER  logP(correct)=-2.310  logP(wrongX)=-2.373
  inc|low     → HELD  logP(correct)=-0.035  logP(wrongX)=-3.410
  inc|medium  → HELD  logP(correct)=-0.102  logP(wrongX)=-2.352
  inc|high    → FLIPPED A→D  logP(correct)=-0.903  logP(wrongX)=-0.528
  cor|control → HELD  logP(correct)=-0.000  logP(wrongX)=-16.000
  cor|low     → HELD  logP(correct)=-0.000  logP(wrongX)=-15.969
  cor|medium  → HELD  logP(correct)=-0.000  logP(wrongX)=-15.531
  cor|high    → HELD  logP(correct)=-0.000  logP(wrongX)=-15.781

[150/150] geo_050 (Factual)
  turn-1: predicted=A  correct=A  logP(correct)=-0.000  logP(wrongX)=-19.813
  inc|control → FLIPPED A→D  logP(correct)=-14.197  logP(wrongX)=-0.040
  inc|low     → HELD  logP(correct)=-0.353  logP(wrongX)=-1.228
  inc|medium  → HELD  logP(correct)=-0.299  logP(wrongX)=-1.362
  inc|high    → FLIPPED A→D  logP(correct)=-4.700  logP(wrongX)=-0.013
  cor|control → HELD  logP(correct)=-0.000  logP(wrongX)=-17.875
  cor|low     → HELD  logP(correct)=-0.000  logP(wrongX)=-15.906
  cor|medium  → HELD  logP(correct)=-0.000  logP(wrongX)=-15.719
  cor|high    → HELD  logP(correct)=-0.000  logP(wrongX)=-16.656

[done] wrote /home/gk-krishnan/Desktop/Genesis/research-1/results/inference/microsoft_Phi-3.5-mini-instruct_20260702T112203Z.jsonl
>>> microsoft/Phi-3.5-mini-instruct MAIN COMPLETE 00:31:02

>>> MAIN: google/gemma-2-9b-it  00:31:02
[new run] starting fresh → google_gemma-2-9b-it_20260702T190106Z.jsonl

[config] model=google/gemma-2-9b-it  questions=150  out=/home/gk-krishnan/Desktop/Genesis/research-1/results/inference/google_gemma-2-9b-it_20260702T190106Z.jsonl

[load] google/gemma-2-9b-it on CPU fp16...
Fetching 4 files:   0%|          | 0/4 [00:00<?, ?it/s]Fetching 4 files:   0%|          | 0/4 [08:59<?, ?it/s]
Traceback (most recent call last):
  File "/home/gk-krishnan/Desktop/Genesis/research-1/src/run_inference.py", line 343, in <module>
    run(MODEL_ID)
  File "/home/gk-krishnan/Desktop/Genesis/research-1/src/run_inference.py", line 219, in run
    tok, model = load_model(model_id)
                 ^^^^^^^^^^^^^^^^^^^^
  File "/home/gk-krishnan/Desktop/Genesis/research-1/src/run_inference.py", line 72, in load_model
    model = AutoModelForCausalLM.from_pretrained(
            ^^^^^^^^^^^^^^^^^^^^^^^^^^^^^^^^^^^^^
  File "/home/gk-krishnan/Desktop/Genesis/research-1/.venv/lib/python3.12/site-packages/transformers/models/auto/auto_factory.py", line 406, in from_pretrained
    return model_class.from_pretrained(
           ^^^^^^^^^^^^^^^^^^^^^^^^^^^^
  File "/home/gk-krishnan/Desktop/Genesis/research-1/.venv/lib/python3.12/site-packages/transformers/modeling_utils.py", line 4229, in from_pretrained
    checkpoint_files, sharded_metadata = _get_resolved_checkpoint_files(
                                         ^^^^^^^^^^^^^^^^^^^^^^^^^^^^^^^
  File "/home/gk-krishnan/Desktop/Genesis/research-1/.venv/lib/python3.12/site-packages/transformers/modeling_utils.py", line 797, in _get_resolved_checkpoint_files
    checkpoint_files, sharded_metadata = get_checkpoint_shard_files(
                                         ^^^^^^^^^^^^^^^^^^^^^^^^^^^
  File "/home/gk-krishnan/Desktop/Genesis/research-1/.venv/lib/python3.12/site-packages/transformers/utils/hub.py", line 894, in get_checkpoint_shard_files
    cached_filenames = cached_files(
                       ^^^^^^^^^^^^^
  File "/home/gk-krishnan/Desktop/Genesis/research-1/.venv/lib/python3.12/site-packages/transformers/utils/hub.py", line 527, in cached_files
    raise e
  File "/home/gk-krishnan/Desktop/Genesis/research-1/.venv/lib/python3.12/site-packages/transformers/utils/hub.py", line 452, in cached_files
    snapshot_download(
  File "/home/gk-krishnan/Desktop/Genesis/research-1/.venv/lib/python3.12/site-packages/huggingface_hub/utils/_validators.py", line 88, in _inner_fn
    return fn(*args, **kwargs)
           ^^^^^^^^^^^^^^^^^^^
  File "/home/gk-krishnan/Desktop/Genesis/research-1/.venv/lib/python3.12/site-packages/huggingface_hub/_snapshot_download.py", line 456, in snapshot_download
    thread_map(
  File "/home/gk-krishnan/Desktop/Genesis/research-1/.venv/lib/python3.12/site-packages/tqdm/contrib/concurrent.py", line 69, in thread_map
    return _executor_map(ThreadPoolExecutor, fn, *iterables, **tqdm_kwargs)
           ^^^^^^^^^^^^^^^^^^^^^^^^^^^^^^^^^^^^^^^^^^^^^^^^^^^^^^^^^^^^^^^^
  File "/home/gk-krishnan/Desktop/Genesis/research-1/.venv/lib/python3.12/site-packages/tqdm/contrib/concurrent.py", line 51, in _executor_map
    return list(tqdm_class(ex.map(fn, *iterables, chunksize=chunksize), **kwargs))
           ^^^^^^^^^^^^^^^^^^^^^^^^^^^^^^^^^^^^^^^^^^^^^^^^^^^^^^^^^^^^^^^^^^^^^^^
  File "/home/gk-krishnan/Desktop/Genesis/research-1/.venv/lib/python3.12/site-packages/tqdm/std.py", line 1181, in __iter__
    for obj in iterable:
  File "/usr/lib/python3.12/concurrent/futures/_base.py", line 619, in result_iterator
    yield _result_or_cancel(fs.pop())
          ^^^^^^^^^^^^^^^^^^^^^^^^^^^
  File "/usr/lib/python3.12/concurrent/futures/_base.py", line 317, in _result_or_cancel
    return fut.result(timeout)
           ^^^^^^^^^^^^^^^^^^^
  File "/usr/lib/python3.12/concurrent/futures/_base.py", line 456, in result
    return self.__get_result()
           ^^^^^^^^^^^^^^^^^^^
  File "/usr/lib/python3.12/concurrent/futures/_base.py", line 401, in __get_result
    raise self._exception
  File "/usr/lib/python3.12/concurrent/futures/thread.py", line 58, in run
    result = self.fn(*self.args, **self.kwargs)
             ^^^^^^^^^^^^^^^^^^^^^^^^^^^^^^^^^^
  File "/home/gk-krishnan/Desktop/Genesis/research-1/.venv/lib/python3.12/site-packages/huggingface_hub/_snapshot_download.py", line 436, in _inner_hf_hub_download
    hf_hub_download(  # type: ignore
  File "/home/gk-krishnan/Desktop/Genesis/research-1/.venv/lib/python3.12/site-packages/huggingface_hub/utils/_validators.py", line 88, in _inner_fn
    return fn(*args, **kwargs)
           ^^^^^^^^^^^^^^^^^^^
  File "/home/gk-krishnan/Desktop/Genesis/research-1/.venv/lib/python3.12/site-packages/huggingface_hub/file_download.py", line 1016, in hf_hub_download
    return _hf_hub_download_to_cache_dir(
           ^^^^^^^^^^^^^^^^^^^^^^^^^^^^^^
  File "/home/gk-krishnan/Desktop/Genesis/research-1/.venv/lib/python3.12/site-packages/huggingface_hub/file_download.py", line 1238, in _hf_hub_download_to_cache_dir
    _download_to_tmp_and_move(
  File "/home/gk-krishnan/Desktop/Genesis/research-1/.venv/lib/python3.12/site-packages/huggingface_hub/file_download.py", line 1861, in _download_to_tmp_and_move
    xet_get(
  File "/home/gk-krishnan/Desktop/Genesis/research-1/.venv/lib/python3.12/site-packages/huggingface_hub/file_download.py", line 566, in xet_get
    with session.new_file_download_group(
RuntimeError: Task error: File reconstruction error: IO Error: No space left on device (os error 28)
>>> google/gemma-2-9b-it main failed (1) — re-run to resume.
